 tbb_debug

 Timestamp is 5f523cda (Fri Sep  4 16:10:50 2020)

 Preferred load address is 10000000

 Start         Length     Name                   Class
 0001:00000000 00000110H .text$di                CODE
 0001:00000110 00045230H .text$mn                CODE
 0001:00045340 00001950H .text$x                 CODE
 0001:00046c90 00000036H .text$yd                CODE
 0002:00000000 00000214H .idata$5                DATA
 0002:00000214 00000008H .00cfg                  DATA
 0002:0000021c 00000004H .CRT$XCA                DATA
 0002:00000220 00000020H .CRT$XCU                DATA
 0002:00000240 00000004H .CRT$XCZ                DATA
 0002:00000244 00000004H .CRT$XIA                DATA
 0002:00000248 00000004H .CRT$XIC                DATA
 0002:0000024c 00000004H .CRT$XIZ                DATA
 0002:00000250 00000004H .CRT$XLA                DATA
 0002:00000254 00000004H .CRT$XLZ                DATA
 0002:00000258 00000004H .CRT$XPA                DATA
 0002:0000025c 00000004H .CRT$XPZ                DATA
 0002:00000260 00000004H .CRT$XTA                DATA
 0002:00000264 0000000cH .CRT$XTZ                DATA
 0002:00000268 00000000H .gfids$y                DATA
 0002:00000270 0001f730H .rdata                  DATA
 0002:0001f9a0 00000018H .rdata$T                DATA
 0002:0001f9b8 00001234H .rdata$r                DATA
 0002:00020bec 0000025cH .rdata$sxdata           DATA
 0002:00020e48 000003d4H .rdata$zzzdbg           DATA
 0002:0002121c 00000004H .rtc$IAA                DATA
 0002:00021220 0000008cH .rtc$IMZ                DATA
 0002:000212ac 00000004H .rtc$IZZ                DATA
 0002:000212b0 00000004H .rtc$TAA                DATA
 0002:000212b4 0000008cH .rtc$TMZ                DATA
 0002:00021340 00000004H .rtc$TZZ                DATA
 0002:00021344 00000004H .tls                    DATA
 0002:00021348 00000004H .tls$                   DATA
 0002:0002134c 00000004H .tls$ZZZ                DATA
 0002:00021350 00001f90H .xdata$x                DATA
 0002:000232e0 000040d4H .edata                  DATA
 0002:000273b4 00000050H .idata$2                DATA
 0002:00027404 00000014H .idata$3                DATA
 0002:00027418 00000214H .idata$4                DATA
 0002:0002762c 00000a06H .idata$6                DATA
 0003:00000000 00001398H .data                   DATA
 0003:00001398 000009d0H .data$r                 DATA
 0003:00001d68 00001b44H .bss                    DATA
 0004:00000000 000000a0H .rsrc$01                DATA
 0004:000000a0 00000560H .rsrc$02                DATA

  Address         Publics by Value              Rva+Base       Lib:Object

 0000:00000000       ___arm64x_redirection_metadata 00000000     <absolute>
 0000:00000000       ___enclave_config          00000000     <absolute>
 0000:00000000       ___volatile_metadata       00000000     <absolute>
 0000:00000000       ___dynamic_value_reloc_table 00000000     <absolute>
 0000:00000000       ___hybrid_auxiliary_iat    00000000     <absolute>
 0000:00000000       ___guard_fids_count        00000000     <absolute>
 0000:00000000       ___arm64x_extra_rfe_table  00000000     <absolute>
 0000:00000000       ___guard_longjmp_table     00000000     <absolute>
 0000:00000000       ___x64_code_ranges_to_entry_points 00000000     <absolute>
 0000:00000000       ___x64_code_ranges_to_entry_points_count 00000000     <absolute>
 0000:00000000       ___guard_longjmp_count     00000000     <absolute>
 0000:00000000       ___guard_eh_cont_count     00000000     <absolute>
 0000:00000000       ___hybrid_code_map_count   00000000     <absolute>
 0000:00000000       ___guard_eh_cont_table     00000000     <absolute>
 0000:00000000       ___arm64x_native_entrypoint 00000000     <absolute>
 0000:00000000       ___hybrid_code_map         00000000     <absolute>
 0000:00000000       ___arm64x_redirection_metadata_count 00000000     <absolute>
 0000:00000000       ___AbsoluteZero            00000000     <absolute>
 0000:00000000       ___guard_iat_table         00000000     <absolute>
 0000:00000000       ___arm64x_extra_rfe_table_size 00000000     <absolute>
 0000:00000000       ___guard_fids_table        00000000     <absolute>
 0000:00000000       ___guard_iat_count         00000000     <absolute>
 0000:0000002c       __tls_array                0000002c     <absolute>
 0000:00000097       ___safe_se_handler_count   00000097     <absolute>
 0000:00000100       ___guard_flags             00000100     <absolute>
 0000:00000000       ___ImageBase               10000000     <linker-defined>
 0001:00000110       ?internal_grow_predicate@hash_map_segment_base@internal@tbb@@QBE_NXZ 10001110 f   concurrent_hash_map.obj
 0001:00000170       ??$__TBB_load_with_acquire@H@internal@tbb@@YAHADH@Z 10001170 f i concurrent_hash_map.obj
 0001:00000190       ??$to_bits_ref@$$CDI@?$atomic_impl@I@internal@tbb@@CAAAHADI@Z 10001190 f i concurrent_hash_map.obj
 0001:000001c0       ??$to_value@I@?$atomic_impl@I@internal@tbb@@CAIH@Z 100011c0 f i concurrent_hash_map.obj
 0001:00000230       ??0?$converter@I@?$atomic_impl@I@internal@tbb@@QAE@XZ 10001230 f i concurrent_hash_map.obj
 0001:00000250       ??0?$ptr_converter@PDI@?$atomic_impl@I@internal@tbb@@QAE@PDI@Z 10001250 f i concurrent_hash_map.obj
 0001:00000270       ??B?$atomic_impl@I@internal@tbb@@QDEIXZ 10001270 f i concurrent_hash_map.obj
 0001:000002b0       ?__empty_global_delete@@YAXPAX@Z 100012b0 f i concurrent_hash_map.obj
 0001:000002c0       ?__global_delete@@YAXPAXI@Z 100012c0 f i concurrent_hash_map.obj
 0001:000002c0       ?__empty_global_delete@@YAXPAXI@Z 100012c0 f i concurrent_hash_map.obj
 0001:000002d0       ?load_with_acquire@?$machine_load_store@H$03@internal@tbb@@SAHADH@Z 100012d0 f i concurrent_hash_map.obj
 0001:00000340       ??0concurrent_queue_base_v3@internal@tbb@@IAE@I@Z 10001340 f   concurrent_queue.obj
 0001:00000580       ??1concurrent_queue_base_v3@internal@tbb@@MAE@XZ 10001580 f   concurrent_queue.obj
 0001:00000660       ?internal_push@concurrent_queue_base_v3@internal@tbb@@IAEXPBX@Z 10001660 f   concurrent_queue.obj
 0001:00000690       ?internal_pop@concurrent_queue_base_v3@internal@tbb@@IAEXPAX@Z 10001690 f   concurrent_queue.obj
 0001:00000930       ?internal_abort@concurrent_queue_base_v3@internal@tbb@@IAEXXZ 10001930 f   concurrent_queue.obj
 0001:00000990       ?internal_push_if_not_full@concurrent_queue_base_v3@internal@tbb@@IAE_NPBX@Z 10001990 f   concurrent_queue.obj
 0001:000009c0       ?internal_pop_if_present@concurrent_queue_base_v3@internal@tbb@@IAE_NPAX@Z 100019c0 f   concurrent_queue.obj
 0001:00000a90       ?internal_size@concurrent_queue_base_v3@internal@tbb@@IBEHXZ 10001a90 f   concurrent_queue.obj
 0001:00000b10       ?internal_empty@concurrent_queue_base_v3@internal@tbb@@IBE_NXZ 10001b10 f   concurrent_queue.obj
 0001:00000ba0       ?internal_set_capacity@concurrent_queue_base_v3@internal@tbb@@IAEXHI@Z 10001ba0 f   concurrent_queue.obj
 0001:00000be0       ?internal_finish_clear@concurrent_queue_base_v3@internal@tbb@@IAEXXZ 10001be0 f   concurrent_queue.obj
 0001:00000cd0       ?internal_throw_exception@concurrent_queue_base_v3@internal@tbb@@IBEXXZ 10001cd0 f   concurrent_queue.obj
 0001:00000d00       ?assign@concurrent_queue_base_v3@internal@tbb@@IAEXABV123@@Z 10001d00 f   concurrent_queue.obj
 0001:00000d30       ?internal_insert_item@concurrent_queue_base_v3@internal@tbb@@IAEXPBXW4copy_specifics@123@@Z 10001d30 f   concurrent_queue.obj
 0001:00001040       ?internal_insert_if_not_full@concurrent_queue_base_v3@internal@tbb@@IAE_NPBXW4copy_specifics@123@@Z 10002040 f   concurrent_queue.obj
 0001:00001110       ?internal_assign@concurrent_queue_base_v3@internal@tbb@@IAEXABV123@W4copy_specifics@123@@Z 10002110 f   concurrent_queue.obj
 0001:00001270       ?move_content@concurrent_queue_base_v8@internal@tbb@@IAEXAAV123@@Z 10002270 f   concurrent_queue.obj
 0001:000012a0       ?internal_push_move_if_not_full@concurrent_queue_base_v8@internal@tbb@@IAE_NPBX@Z 100022a0 f   concurrent_queue.obj
 0001:000012d0       ?internal_push_move@concurrent_queue_base_v8@internal@tbb@@IAEXPBX@Z 100022d0 f   concurrent_queue.obj
 0001:00001300       ?initialize@concurrent_queue_iterator_base_v3@internal@tbb@@AAEXABVconcurrent_queue_base_v3@23@I@Z 10002300 f   concurrent_queue.obj
 0001:000013a0       ??0concurrent_queue_iterator_base_v3@internal@tbb@@IAE@ABVconcurrent_queue_base_v3@12@@Z 100023a0 f   concurrent_queue.obj
 0001:000013d0       ??0concurrent_queue_iterator_base_v3@internal@tbb@@IAE@ABVconcurrent_queue_base_v3@12@I@Z 100023d0 f   concurrent_queue.obj
 0001:00001410       ?assign@concurrent_queue_iterator_base_v3@internal@tbb@@IAEXABV123@@Z 10002410 f   concurrent_queue.obj
 0001:000014d0       ?advance@concurrent_queue_iterator_base_v3@internal@tbb@@IAEXXZ 100024d0 f   concurrent_queue.obj
 0001:00001630       ??1concurrent_queue_iterator_base_v3@internal@tbb@@IAE@XZ 10002630 f   concurrent_queue.obj
 0001:000016b0       ?push@micro_queue@internal@tbb@@QAEXPBXIAAVconcurrent_queue_base_v3@23@W4copy_specifics@423@@Z 100026b0 f   concurrent_queue.obj
 0001:000019f0       ?abort_push@micro_queue@internal@tbb@@QAEXIAAVconcurrent_queue_base_v3@23@@Z 100029f0 f   concurrent_queue.obj
 0001:00001a30       ?pop@micro_queue@internal@tbb@@QAE_NPAXIAAVconcurrent_queue_base_v3@23@@Z 10002a30 f   concurrent_queue.obj
 0001:00001c40       ?assign@micro_queue@internal@tbb@@QAEAAU123@ABU123@AAVconcurrent_queue_base_v3@23@W4copy_specifics@423@@Z 10002c40 f   concurrent_queue.obj
 0001:00001f50       ?make_copy@micro_queue@internal@tbb@@QAEPAUpage@concurrent_queue_base_v3@23@AAV523@PBU4523@IIAAIW4copy_specifics@523@@Z 10002f50 f   concurrent_queue.obj
 0001:00002060       ?make_invalid@micro_queue@internal@tbb@@QAEXI@Z 10003060 f   concurrent_queue.obj
 0001:00002170       ??$__TBB_load_relaxed@I@internal@tbb@@YAIADI@Z 10003170 f i concurrent_queue.obj
 0001:00002190       ??$__TBB_load_with_acquire@C@internal@tbb@@YACADC@Z 10003190 f i concurrent_queue.obj
 0001:000021b0       ??$__TBB_store_relaxed@IH@internal@tbb@@YAXACIH@Z 100031b0 f i concurrent_queue.obj
 0001:000021d0       ??$__TBB_store_with_release@CC@internal@tbb@@YAXACCC@Z 100031d0 f i concurrent_queue.obj
 0001:000021f0       ??$__TBB_store_with_release@HH@internal@tbb@@YAXACHH@Z 100031f0 f i concurrent_queue.obj
 0001:00002210       ??$compare_and_swap@$0A@@?$atomic_impl@I@internal@tbb@@QAEIII@Z 10003210 f i concurrent_queue.obj
 0001:00002260       ??$fetch_and_add@$0A@@?$atomic_impl_with_arithmetic@IID@internal@tbb@@QAEII@Z 10003260 f i concurrent_queue.obj
 0001:00002290       ??$is_aligned@$$BY07Umicro_queue@internal@tbb@@@internal@tbb@@YA_NPAY07Umicro_queue@01@I@Z 10003290 f i concurrent_queue.obj
 0001:000022c0       ??$is_aligned@U?$atomic@I@tbb@@@internal@tbb@@YA_NPAU?$atomic@I@1@I@Z 100032c0 f i concurrent_queue.obj
 0001:000022f0       ??$is_aligned@Vconcurrent_queue_rep@internal@tbb@@@internal@tbb@@YA_NPAVconcurrent_queue_rep@01@I@Z 100032f0 f i concurrent_queue.obj
 0001:00002320       ??$is_power_of_two@I@internal@tbb@@YA_NI@Z 10003320 f i concurrent_queue.obj
 0001:00002360       ??$modulo_power_of_two@II@internal@tbb@@YAIII@Z 10003360 f i concurrent_queue.obj
 0001:000023b0       ??$notify@Upredicate_leq@internal@tbb@@@concurrent_monitor@internal@tbb@@QAEXABUpredicate_leq@12@@Z 100033b0 f i concurrent_queue.obj
 0001:000023e0       ??$notify_relaxed@Upredicate_leq@internal@tbb@@@concurrent_monitor@internal@tbb@@QAEXABUpredicate_leq@12@@Z 100033e0 f i concurrent_queue.obj
 0001:000025c0       ??$punned_cast@PAVbinary_semaphore@internal@tbb@@$$CBV?$aligned_space@Vbinary_semaphore@internal@tbb@@$00@3@@internal@tbb@@YAPAVbinary_semaphore@01@PBV?$aligned_space@Vbinary_semaphore@internal@tbb@@$00@1@@Z 100035c0 f i concurrent_queue.obj
 0001:000025e0       ??$spin_wait_until_eq@U?$atomic@I@tbb@@I@internal@tbb@@YAXADU?$atomic@I@1@I@Z 100035e0 f i concurrent_queue.obj
 0001:00002660       ??$spin_wait_while_eq@U?$atomic@I@tbb@@I@internal@tbb@@YAXADU?$atomic@I@1@I@Z 10003660 f i concurrent_queue.obj
 0001:000026e0       ??$suppress_unused_warning@E@internal@tbb@@YAXABE@Z 100036e0 f i concurrent_queue.obj
 0001:000026f0       ??$to_bits@I@?$atomic_impl@I@internal@tbb@@CAHI@Z 100036f0 f i concurrent_queue.obj
 0001:00002720       ??$to_bits@PAUpage@concurrent_queue_base_v3@internal@tbb@@@?$atomic_impl@PAUpage@concurrent_queue_base_v3@internal@tbb@@@internal@tbb@@CAHPAUpage@concurrent_queue_base_v3@12@@Z 10003720 f i concurrent_queue.obj
 0001:00002750       ??$to_bits@_N@?$atomic_impl@_N@internal@tbb@@CAC_N@Z 10003750 f i concurrent_queue.obj
 0001:00002780       ??$to_bits_ref@$$CD_N@?$atomic_impl@_N@internal@tbb@@CAAACAD_N@Z 10003780 f i concurrent_queue.obj
 0001:000027b0       ??$to_bits_ref@I@?$atomic_impl@I@internal@tbb@@CAAAHAAI@Z 100037b0 f i concurrent_queue.obj
 0001:000027e0       ??$to_bits_ref@PAUpage@concurrent_queue_base_v3@internal@tbb@@@?$atomic_impl@PAUpage@concurrent_queue_base_v3@internal@tbb@@@internal@tbb@@CAAAHAAPAUpage@concurrent_queue_base_v3@12@@Z 100037e0 f i concurrent_queue.obj
 0001:00002810       ??$to_bits_ref@SAUpage@concurrent_queue_base_v3@internal@tbb@@@?$atomic_impl@PAUpage@concurrent_queue_base_v3@internal@tbb@@@internal@tbb@@CAAAHADSAUpage@concurrent_queue_base_v3@12@@Z 10003810 f i concurrent_queue.obj
 0001:00002840       ??$to_bits_ref@_N@?$atomic_impl@_N@internal@tbb@@CAAACAA_N@Z 10003840 f i concurrent_queue.obj
 0001:00002870       ??$to_value@PAUpage@concurrent_queue_base_v3@internal@tbb@@@?$atomic_impl@PAUpage@concurrent_queue_base_v3@internal@tbb@@@internal@tbb@@CAPAUpage@concurrent_queue_base_v3@12@H@Z 10003870 f i concurrent_queue.obj
 0001:000028e0       ??$to_value@_N@?$atomic_impl@_N@internal@tbb@@CA_NC@Z 100038e0 f i concurrent_queue.obj
 0001:00002950       ??0?$cache_aligned_allocator@Vconcurrent_queue_iterator_rep@internal@tbb@@@tbb@@QAE@XZ 10003950 f i concurrent_queue.obj
 0001:00002970       ??0?$cache_aligned_allocator@Vconcurrent_queue_rep@internal@tbb@@@tbb@@QAE@XZ 10003970 f i concurrent_queue.obj
 0001:00002990       ??0?$converter@I@?$atomic_impl@I@internal@tbb@@QAE@I@Z 10003990 f i concurrent_queue.obj
 0001:000029b0       ??0?$converter@PAUpage@concurrent_queue_base_v3@internal@tbb@@@?$atomic_impl@PAUpage@concurrent_queue_base_v3@internal@tbb@@@internal@tbb@@QAE@PAUpage@concurrent_queue_base_v3@23@@Z 100039b0 f i concurrent_queue.obj
 0001:000029d0       ??0?$converter@PAUpage@concurrent_queue_base_v3@internal@tbb@@@?$atomic_impl@PAUpage@concurrent_queue_base_v3@internal@tbb@@@internal@tbb@@QAE@XZ 100039d0 f i concurrent_queue.obj
 0001:000029f0       ??0?$converter@_N@?$atomic_impl@_N@internal@tbb@@QAE@XZ 100039f0 f i concurrent_queue.obj
 0001:00002a10       ??0?$converter@_N@?$atomic_impl@_N@internal@tbb@@QAE@_N@Z 10003a10 f i concurrent_queue.obj
 0001:00002a30       ??0?$ptr_converter@PAI@?$atomic_impl@I@internal@tbb@@QAE@PAI@Z 10003a30 f i concurrent_queue.obj
 0001:00002a50       ??0?$ptr_converter@PAPAUpage@concurrent_queue_base_v3@internal@tbb@@@?$atomic_impl@PAUpage@concurrent_queue_base_v3@internal@tbb@@@internal@tbb@@QAE@PAPAUpage@concurrent_queue_base_v3@23@@Z 10003a50 f i concurrent_queue.obj
 0001:00002a70       ??0?$ptr_converter@PA_N@?$atomic_impl@_N@internal@tbb@@QAE@PA_N@Z 10003a70 f i concurrent_queue.obj
 0001:00002a90       ??0?$ptr_converter@PDSAUpage@concurrent_queue_base_v3@internal@tbb@@@?$atomic_impl@PAUpage@concurrent_queue_base_v3@internal@tbb@@@internal@tbb@@QAE@PDSAUpage@concurrent_queue_base_v3@23@@Z 10003a90 f i concurrent_queue.obj
 0001:00002ab0       ??0?$ptr_converter@PD_N@?$atomic_impl@_N@internal@tbb@@QAE@PD_N@Z 10003ab0 f i concurrent_queue.obj
 0001:00002ad0       ??0atomic_backoff@internal@tbb@@QAE@XZ 10003ad0 f i concurrent_queue.obj
 0001:00002af0       ??0atomic_backoff@internal@tbb@@QAE@_N@Z 10003af0 f i concurrent_queue.obj
 0001:00002b30       ??0circular_doubly_linked_list_with_sentinel@internal@tbb@@QAE@XZ 10003b30 f i concurrent_queue.obj
 0001:00002b70       ??0concurrent_monitor@internal@tbb@@QAE@XZ 10003b70 f i concurrent_queue.obj
 0001:00002bf0       ??0concurrent_queue_iterator_rep@internal@tbb@@QAE@ABVconcurrent_queue_base_v3@12@I@Z 10003bf0 f i concurrent_queue.obj
 0001:00002c90       ??0micro_queue_pop_finalizer@internal@tbb@@QAE@AAUmicro_queue@12@AAVconcurrent_queue_base_v3@12@IPAUpage@412@@Z 10003c90 f i concurrent_queue.obj
 0001:00002cd0       ??0node_t@circular_doubly_linked_list_with_sentinel@internal@tbb@@QAE@XZ 10003cd0 f i concurrent_queue.obj
 0001:00002d00       ??0predicate_leq@internal@tbb@@QAE@I@Z 10003d00 f i concurrent_queue.obj
 0001:00002d20       ??0scoped_lock@spin_mutex@tbb@@QAE@AAV12@@Z 10003d20 f i concurrent_queue.obj
 0001:00002d70       ??0spin_mutex@tbb@@QAE@XZ  10003d70 f i concurrent_queue.obj
 0001:00002da0       ??0thread_context@concurrent_monitor@internal@tbb@@QAE@XZ 10003da0 f i concurrent_queue.obj
 0001:00002e00       ??1binary_semaphore@internal@tbb@@QAE@XZ 10003e00 f i concurrent_queue.obj
 0001:00002e40       ??1circular_doubly_linked_list_with_sentinel@internal@tbb@@QAE@XZ 10003e40 f i concurrent_queue.obj
 0001:00002ed0       ??1micro_queue_pop_finalizer@internal@tbb@@QAE@XZ 10003ed0 f i concurrent_queue.obj
 0001:00002ff0       ??1scoped_lock@spin_mutex@tbb@@QAE@XZ 10003ff0 f i concurrent_queue.obj
 0001:00003050       ??1thread_context@concurrent_monitor@internal@tbb@@QAE@XZ 10004050 f i concurrent_queue.obj
 0001:000030e0       ??2@YAPAXIPAX@Z            100040e0 f i concurrent_queue.obj
 0001:000030f0       ??4?$atomic@I@tbb@@QAEAAU01@ABU01@@Z 100040f0 f i concurrent_queue.obj
 0001:00003130       ??4?$atomic@I@tbb@@QAEII@Z 10004130 f i concurrent_queue.obj
 0001:00003160       ??4?$atomic@PAUpage@concurrent_queue_base_v3@internal@tbb@@@tbb@@QAEPAUpage@concurrent_queue_base_v3@internal@1@PAU2341@@Z 10004160 f i concurrent_queue.obj
 0001:00003190       ??4?$atomic@_N@tbb@@QAE_N_N@Z 10004190 f i concurrent_queue.obj
 0001:000031c0       ??B?$atomic_impl@PAUpage@concurrent_queue_base_v3@internal@tbb@@@internal@tbb@@QDEPAUpage@concurrent_queue_base_v3@12@XZ 100041c0 f i concurrent_queue.obj
 0001:00003200       ??B?$atomic_impl@_N@internal@tbb@@QDE_NXZ 10004200 f i concurrent_queue.obj
 0001:00003240       ??E?$atomic_impl_with_arithmetic@IID@internal@tbb@@QAEIH@Z 10004240 f i concurrent_queue.obj
 0001:00003270       ??E?$atomic_impl_with_arithmetic@IID@internal@tbb@@QAEIXZ 10004270 f i concurrent_queue.obj
 0001:000032a0       ??F?$atomic_impl_with_arithmetic@IID@internal@tbb@@QAEIH@Z 100042a0 f i concurrent_queue.obj
 0001:000032d0       ??F?$atomic_impl_with_arithmetic@IID@internal@tbb@@QAEIXZ 100042d0 f i concurrent_queue.obj
 0001:00003300       ??Rpredicate_leq@internal@tbb@@QBE_NI@Z 10004300 f i concurrent_queue.obj
 0001:00003340       ??Y?$atomic_impl_with_arithmetic@IID@internal@tbb@@QAEII@Z 10004340 f i concurrent_queue.obj
 0001:00003370       ??_Gbinary_semaphore@internal@tbb@@QAEPAXI@Z 10004370 f i concurrent_queue.obj
 0001:000033b0       ??_Econcurrent_queue_base_v3@internal@tbb@@MAEPAXI@Z 100043b0 f i concurrent_queue.obj
 0001:000033b0       ??_Gconcurrent_queue_base_v3@internal@tbb@@MAEPAXI@Z 100043b0 f i concurrent_queue.obj
 0001:000033f0       ?P@binary_semaphore@internal@tbb@@QAEXXZ 100043f0 f i concurrent_queue.obj
 0001:00003430       ?V@binary_semaphore@internal@tbb@@QAEXXZ 10004430 f i concurrent_queue.obj
 0001:00003470       ?__TBB_store_relaxed@internal@tbb@@YAXACII@Z 10004470 f i concurrent_queue.obj
 0001:00003490       ?abort_all@concurrent_monitor@internal@tbb@@QAEXXZ 10004490 f i concurrent_queue.obj
 0001:000034c0       ?add@circular_doubly_linked_list_with_sentinel@internal@tbb@@QAEXPAUnode_t@123@@Z 100044c0 f i concurrent_queue.obj
 0001:00003530       ?allocate@?$cache_aligned_allocator@Vconcurrent_queue_iterator_rep@internal@tbb@@@tbb@@QAEPAVconcurrent_queue_iterator_rep@internal@2@IPBX@Z 10004530 f i concurrent_queue.obj
 0001:00003560       ?allocate@?$cache_aligned_allocator@Vconcurrent_queue_rep@internal@tbb@@@tbb@@QAEPAVconcurrent_queue_rep@internal@2@IPBX@Z 10004560 f i concurrent_queue.obj
 0001:000035a0       ?atomic_fence@tbb@@YAXXZ   100045a0 f i concurrent_queue.obj
 0001:000035b0       ?begin@?$aligned_space@Vbinary_semaphore@internal@tbb@@$00@tbb@@QBEPAVbinary_semaphore@internal@2@XZ 100045b0 f i concurrent_queue.obj
 0001:000035e0       ?choose@concurrent_queue_rep@internal@tbb@@QAEAAUmicro_queue@23@I@Z 100045e0 f i concurrent_queue.obj
 0001:00003620       ?clear@circular_doubly_linked_list_with_sentinel@internal@tbb@@QAEXXZ 10004620 f i concurrent_queue.obj
 0001:00003670       ?commit_wait@concurrent_monitor@internal@tbb@@QAE_NAAVthread_context@123@@Z 10004670 f i concurrent_queue.obj
 0001:00003760       ?compare_and_swap@?$atomic_impl@I@internal@tbb@@QAEIII@Z 10004760 f i concurrent_queue.obj
 0001:00003790       ?compare_and_swap@?$atomic_traits@$03$0A@@internal@tbb@@SAHPCXHH@Z 10004790 f i concurrent_queue.obj
 0001:000037b0       ?deallocate@?$cache_aligned_allocator@Vconcurrent_queue_iterator_rep@internal@tbb@@@tbb@@QAEXPAVconcurrent_queue_iterator_rep@internal@2@I@Z 100047b0 f i concurrent_queue.obj
 0001:000037e0       ?deallocate@?$cache_aligned_allocator@Vconcurrent_queue_rep@internal@tbb@@@tbb@@QAEXPAVconcurrent_queue_rep@internal@2@I@Z 100047e0 f i concurrent_queue.obj
 0001:00003810       ?empty@circular_doubly_linked_list_with_sentinel@internal@tbb@@QBE_NXZ 10004810 f i concurrent_queue.obj
 0001:00003860       ?end@circular_doubly_linked_list_with_sentinel@internal@tbb@@QBEPBUnode_t@123@XZ 10004860 f i concurrent_queue.obj
 0001:00003880       ?fetch_and_add@?$atomic_impl_with_arithmetic@IID@internal@tbb@@QAEII@Z 10004880 f i concurrent_queue.obj
 0001:000038b0       ?fetch_and_add@?$atomic_traits@$03$0A@@internal@tbb@@SAHPCXH@Z 100048b0 f i concurrent_queue.obj
 0001:000038d0       ?front@circular_doubly_linked_list_with_sentinel@internal@tbb@@QBEPAUnode_t@123@XZ 100048d0 f i concurrent_queue.obj
 0001:000038f0       ?get_item@concurrent_queue_iterator_rep@internal@tbb@@QAE_NAAPAXI@Z 100048f0 f i concurrent_queue.obj
 0001:000039e0       ?index@concurrent_queue_rep@internal@tbb@@SAII@Z 100049e0 f i concurrent_queue.obj
 0001:00003a00       ?last@circular_doubly_linked_list_with_sentinel@internal@tbb@@QBEPAUnode_t@123@XZ 10004a00 f i concurrent_queue.obj
 0001:00003a20       ?load@?$machine_load_store_relaxed@I$03@internal@tbb@@SAIADI@Z 10004a20 f i concurrent_queue.obj
 0001:00003a30       ?load_with_acquire@?$machine_load_store@C$00@internal@tbb@@SACADC@Z 10004a30 f i concurrent_queue.obj
 0001:00003a50       ?pause@atomic_backoff@internal@tbb@@QAEXXZ 10004a50 f i concurrent_queue.obj
 0001:00003ab0       ?remove@circular_doubly_linked_list_with_sentinel@internal@tbb@@QAEXAAUnode_t@123@@Z 10004ab0 f i concurrent_queue.obj
 0001:00003b30       ?semaphore@thread_context@concurrent_monitor@internal@tbb@@QAEAAVbinary_semaphore@34@XZ 10004b30 f i concurrent_queue.obj
 0001:00003b60       ?size@circular_doubly_linked_list_with_sentinel@internal@tbb@@QBEIXZ 10004b60 f i concurrent_queue.obj
 0001:00003b80       ?store@?$machine_load_store_relaxed@I$03@internal@tbb@@SAXACII@Z 10004b80 f i concurrent_queue.obj
 0001:00003b90       ?store_with_release@?$atomic_impl@I@internal@tbb@@IAEII@Z 10004b90 f i concurrent_queue.obj
 0001:00003be0       ?store_with_release@?$atomic_impl@PAUpage@concurrent_queue_base_v3@internal@tbb@@@internal@tbb@@IAEPAUpage@concurrent_queue_base_v3@23@PAU4523@@Z 10004be0 f i concurrent_queue.obj
 0001:00003c30       ?store_with_release@?$atomic_impl@_N@internal@tbb@@IAE_N_N@Z 10004c30 f i concurrent_queue.obj
 0001:00003c80       ?store_with_release@?$machine_load_store@C$00@internal@tbb@@SAXACCC@Z 10004c80 f i concurrent_queue.obj
 0001:00003c90       ?store_with_release@?$machine_load_store@H$03@internal@tbb@@SAXACHH@Z 10004c90 f i concurrent_queue.obj
 0001:00003ca0       ?throw_exception@internal@tbb@@YAXW4exception_id@12@@Z 10004ca0 f i concurrent_queue.obj
 0001:00003cc0       ?to_thread_context@concurrent_monitor@internal@tbb@@AAEPAVthread_context@123@PAUnode_t@circular_doubly_linked_list_with_sentinel@23@@Z 10004cc0 f i concurrent_queue.obj
 0001:00003d90       ??1concurrent_vector_base_v3@internal@tbb@@IAE@XZ 10004d90 f   concurrent_vector.obj
 0001:00003ed0       ?internal_reserve@concurrent_vector_base_v3@internal@tbb@@IAEXIII@Z 10004ed0 f   concurrent_vector.obj
 0001:00003fd0       ?internal_capacity@concurrent_vector_base_v3@internal@tbb@@IBEIXZ 10004fd0 f   concurrent_vector.obj
 0001:00004010       ?internal_grow@concurrent_vector_base_v3@internal@tbb@@IAEXIIIP6AXPAXPBXI@Z1@Z 10005010 f   concurrent_vector.obj
 0001:000041e0       ?internal_grow_by@concurrent_vector_base_v3@internal@tbb@@IAEIIIP6AXPAXPBXI@Z1@Z 100051e0 f   concurrent_vector.obj
 0001:00004240       ?internal_push_back@concurrent_vector_base_v3@internal@tbb@@IAEPAXIAAI@Z 10005240 f   concurrent_vector.obj
 0001:00004340       ?internal_clear@concurrent_vector_base_v3@internal@tbb@@IAEIP6AXPAXI@Z@Z 10005340 f   concurrent_vector.obj
 0001:000044a0       ?internal_compact@concurrent_vector_base_v3@internal@tbb@@IAEPAXIPAXP6AX0I@ZP6AX0PBXI@Z@Z 100054a0 f   concurrent_vector.obj
 0001:00004a50       ?internal_copy@concurrent_vector_base_v3@internal@tbb@@IAEXABV123@IP6AXPAXPBXI@Z@Z 10005a50 f   concurrent_vector.obj
 0001:00004c30       ?internal_assign@concurrent_vector_base_v3@internal@tbb@@IAEXABV123@IP6AXPAXI@ZP6AX1PBXI@Z4@Z 10005c30 f   concurrent_vector.obj
 0001:00005020       ?internal_throw_exception@concurrent_vector_base_v3@internal@tbb@@IBEXI@Z 10006020 f   concurrent_vector.obj
 0001:000050e0       ?internal_swap@concurrent_vector_base_v3@internal@tbb@@IAEXAAV123@@Z 100060e0 f   concurrent_vector.obj
 0001:00005250       ?internal_resize@concurrent_vector_base_v3@internal@tbb@@IAEXIIIPBXP6AXPAXI@ZP6AX10I@Z@Z 10006250 f   concurrent_vector.obj
 0001:00005410       ?internal_grow_to_at_least_with_result@concurrent_vector_base_v3@internal@tbb@@IAEIIIP6AXPAXPBXI@Z1@Z 10006410 f   concurrent_vector.obj
 0001:00005640       ?internal_grow_to_at_least@concurrent_vector_base_v3@internal@tbb@@IAEXIIP6AXPAXPBXI@Z1@Z 10006640 f   concurrent_vector.obj
 0001:00005680       ?enable_segment@helper@concurrent_vector_base_v3@internal@tbb@@SAIAAV234@II_N@Z 10006680 f   concurrent_vector.obj
 0001:00005990       ?extend_segment_table@helper@concurrent_vector_base_v3@internal@tbb@@SAXAAV234@I@Z 10006990 f   concurrent_vector.obj
 0001:00005c10       ?cleanup@helper@concurrent_vector_base_v3@internal@tbb@@QAEXXZ 10006c10 f   concurrent_vector.obj
 0001:00005f20       ??$?9Usegment_allocated@concurrent_vector_base_v3@internal@tbb@@@internal@tbb@@YA_NABVsegment_value_t@concurrent_vector_base_v3@01@Usegment_allocated@301@@Z 10006f20 f i concurrent_vector.obj
 0001:00005f70       ??$?9Usegment_not_used@concurrent_vector_base_v3@internal@tbb@@@internal@tbb@@YA_NABVsegment_value_t@concurrent_vector_base_v3@01@Usegment_not_used@301@@Z 10006f70 f i concurrent_vector.obj
 0001:00005fc0       ??$_Adl_verify_range@PAVsegment_t@concurrent_vector_base_v3@internal@tbb@@PAV1234@@std@@YAXABQAVsegment_t@concurrent_vector_base_v3@internal@tbb@@0@Z 10006fc0 f i concurrent_vector.obj
 0001:00005fe0       ??$_Construct_in_place@Vsegment_t@concurrent_vector_base_v3@internal@tbb@@ABV1234@@std@@YAXAAVsegment_t@concurrent_vector_base_v3@internal@tbb@@ABV1234@@Z 10006fe0 f i concurrent_vector.obj
 0001:00006030       ??$_Copy_unchecked@PAVsegment_t@concurrent_vector_base_v3@internal@tbb@@PAV1234@@std@@YAPAVsegment_t@concurrent_vector_base_v3@internal@tbb@@PAV1234@00@Z 10007030 f i concurrent_vector.obj
 0001:00006070       ??$_Destroy_in_place@Vsegment_t@concurrent_vector_base_v3@internal@tbb@@@std@@YAXAAVsegment_t@concurrent_vector_base_v3@internal@tbb@@@Z 10007070 f i concurrent_vector.obj
 0001:00006090       ??$_Destroy_range@PAVsegment_t@concurrent_vector_base_v3@internal@tbb@@@std@@YAXPAVsegment_t@concurrent_vector_base_v3@internal@tbb@@QAV1234@@Z 10007090 f i concurrent_vector.obj
 0001:000060c0       ??$_Emplace_back@ABVsegment_t@concurrent_vector_base_v3@internal@tbb@@@?$_Uninitialized_backout@PAVsegment_t@concurrent_vector_base_v3@internal@tbb@@@std@@QAEXABVsegment_t@concurrent_vector_base_v3@internal@tbb@@@Z 100070c0 f i concurrent_vector.obj
 0001:00006110       ??$_Get_unwrapped@AAPAVsegment_t@concurrent_vector_base_v3@internal@tbb@@@std@@YAPAVsegment_t@concurrent_vector_base_v3@internal@tbb@@AAPAV1234@@Z 10007110 f i concurrent_vector.obj
 0001:00006120       ??$_Get_unwrapped_n@AAPAVsegment_t@concurrent_vector_base_v3@internal@tbb@@H@std@@YAPAVsegment_t@concurrent_vector_base_v3@internal@tbb@@AAPAV1234@H@Z 10007120 f i concurrent_vector.obj
 0001:00006130       ??$_Get_unwrapped_n@AAPAVsegment_t@concurrent_vector_base_v3@internal@tbb@@I@std@@YAPAVsegment_t@concurrent_vector_base_v3@internal@tbb@@AAPAV1234@I@Z 10007130 f i concurrent_vector.obj
 0001:00006140       ??$_Idl_distance@PAVsegment_t@concurrent_vector_base_v3@internal@tbb@@PAV1234@@std@@YAHABQAVsegment_t@concurrent_vector_base_v3@internal@tbb@@0@Z 10007140 f i concurrent_vector.obj
 0001:00006160       ??$_Seek_wrapped@PAVsegment_t@concurrent_vector_base_v3@internal@tbb@@AAPAV1234@@std@@YAXAAPAVsegment_t@concurrent_vector_base_v3@internal@tbb@@0@Z 10007160 f i concurrent_vector.obj
 0001:00006170       ??$_Seek_wrapped@PAVsegment_t@concurrent_vector_base_v3@internal@tbb@@PAV1234@@std@@YAXAAPAVsegment_t@concurrent_vector_base_v3@internal@tbb@@$$QAPAV1234@@Z 10007170 f i concurrent_vector.obj
 0001:00006180       ??$_Verify_range@Vsegment_t@concurrent_vector_base_v3@internal@tbb@@@std@@YAXQBVsegment_t@concurrent_vector_base_v3@internal@tbb@@0@Z 10007180 f i concurrent_vector.obj
 0001:00006200       ??$__TBB_load_relaxed@H@internal@tbb@@YAHADH@Z 10007200 f i concurrent_vector.obj
 0001:00006220       ??$__TBB_store_relaxed@HH@internal@tbb@@YAXACHH@Z 10007220 f i concurrent_vector.obj
 0001:00006240       ??$addressof@Vsegment_t@concurrent_vector_base_v3@internal@tbb@@@std@@YAPAVsegment_t@concurrent_vector_base_v3@internal@tbb@@AAV1234@@Z 10007240 f i concurrent_vector.obj
 0001:00006250       ??$apply@Udestroy_body@helper@concurrent_vector_base_v3@internal@tbb@@@helper@concurrent_vector_base_v3@internal@tbb@@QAEIABUdestroy_body@0123@@Z 10007250 f i concurrent_vector.obj
 0001:00006350       ??$apply@Uinit_body@helper@concurrent_vector_base_v3@internal@tbb@@@helper@concurrent_vector_base_v3@internal@tbb@@QAEIABUinit_body@0123@@Z 10007350 f i concurrent_vector.obj
 0001:00006450       ??$apply@Usafe_init_body@helper@concurrent_vector_base_v3@internal@tbb@@@helper@concurrent_vector_base_v3@internal@tbb@@QAEIABUsafe_init_body@0123@@Z 10007450 f i concurrent_vector.obj
 0001:00006550       ??$compare_and_swap@$0A@@?$atomic_impl@PAVsegment_t@concurrent_vector_base_v3@internal@tbb@@@internal@tbb@@QAEPAVsegment_t@concurrent_vector_base_v3@12@PAV3412@0@Z 10007550 f i concurrent_vector.obj
 0001:000065a0       ??$copy@PAVsegment_t@concurrent_vector_base_v3@internal@tbb@@PAV1234@@std@@YAPAVsegment_t@concurrent_vector_base_v3@internal@tbb@@PAV1234@00@Z 100075a0 f i concurrent_vector.obj
 0001:00006690       ??$fetch_and_add@$00@?$atomic_impl_with_arithmetic@IID@internal@tbb@@QAEII@Z 10007690 f i concurrent_vector.obj
 0001:000066c0       ??$fetch_and_increment@$00@?$atomic_impl_with_arithmetic@IID@internal@tbb@@QAEIXZ 100076c0 f i concurrent_vector.obj
 0001:000066f0       ??$fill_n@PAVsegment_t@concurrent_vector_base_v3@internal@tbb@@IV1234@@std@@YAPAVsegment_t@concurrent_vector_base_v3@internal@tbb@@PAV1234@IABV1234@@Z 100076f0 f i concurrent_vector.obj
 0001:000067a0       ??$forward@ABVsegment_t@concurrent_vector_base_v3@internal@tbb@@@std@@YAABVsegment_t@concurrent_vector_base_v3@internal@tbb@@ABV1234@@Z 100077a0 f i concurrent_vector.obj
 0001:000067b0       ??$load@$00@?$atomic_impl@I@internal@tbb@@QBEIXZ 100077b0 f i concurrent_vector.obj
 0001:000067f0       ??$load@$00@?$atomic_impl@PAVsegment_t@concurrent_vector_base_v3@internal@tbb@@@internal@tbb@@QBEPAVsegment_t@concurrent_vector_base_v3@12@XZ 100077f0 f i concurrent_vector.obj
 0001:00006830       ??$load@$00@?$atomic_impl@PAX@internal@tbb@@QBEPAXXZ 10007830 f i concurrent_vector.obj
 0001:00006870       ??$load@$00@segment_t@concurrent_vector_base_v3@internal@tbb@@QBE?AVsegment_value_t@123@XZ 10007870 f i concurrent_vector.obj
 0001:000068b0       ??$load@$02@?$atomic_impl@I@internal@tbb@@QBEIXZ 100078b0 f i concurrent_vector.obj
 0001:000068f0       ??$load@$02@?$atomic_impl@PAVsegment_t@concurrent_vector_base_v3@internal@tbb@@@internal@tbb@@QBEPAVsegment_t@concurrent_vector_base_v3@12@XZ 100078f0 f i concurrent_vector.obj
 0001:00006930       ??$load@$02@?$atomic_impl@PAX@internal@tbb@@QBEPAXXZ 10007930 f i concurrent_vector.obj
 0001:00006970       ??$load@$02@segment_t@concurrent_vector_base_v3@internal@tbb@@QBE?AVsegment_value_t@123@XZ 10007970 f i concurrent_vector.obj
 0001:000069b0       ??$load@$02I@tbb@@YAIABU?$atomic@I@0@@Z 100079b0 f i concurrent_vector.obj
 0001:000069d0       ??$load@$02PAVsegment_t@concurrent_vector_base_v3@internal@tbb@@@tbb@@YAPAVsegment_t@concurrent_vector_base_v3@internal@0@ABU?$atomic@PAVsegment_t@concurrent_vector_base_v3@internal@tbb@@@0@@Z 100079d0 f i concurrent_vector.obj
 0001:000069f0       ??$load@$02PAX@tbb@@YAPAXABU?$atomic@PAX@0@@Z 100079f0 f i concurrent_vector.obj
 0001:00006a10       ??$load@H@?$atomic_load_store_traits@$00@internal@tbb@@SAHADH@Z 10007a10 f i concurrent_vector.obj
 0001:00006a30       ??$load@H@?$atomic_load_store_traits@$02@internal@tbb@@SAHADH@Z 10007a30 f i concurrent_vector.obj
 0001:00006a50       ??$pointer@D@segment_value_t@concurrent_vector_base_v3@internal@tbb@@QBEPADXZ 10007a50 f i concurrent_vector.obj
 0001:00006a70       ??$pointer@X@segment_value_t@concurrent_vector_base_v3@internal@tbb@@QBEPAXXZ 10007a70 f i concurrent_vector.obj
 0001:00006a90       ??$publish_segment@PAX@helper@concurrent_vector_base_v3@internal@tbb@@SAXAAVsegment_t@123@PAX@Z 10007a90 f i concurrent_vector.obj
 0001:00006ad0       ??$publish_segment@Usegment_allocation_failed@concurrent_vector_base_v3@internal@tbb@@@helper@concurrent_vector_base_v3@internal@tbb@@SAXAAVsegment_t@123@Usegment_allocation_failed@123@@Z 10007ad0 f i concurrent_vector.obj
 0001:00006b10       ??$publish_segment@Usegment_not_used@concurrent_vector_base_v3@internal@tbb@@@helper@concurrent_vector_base_v3@internal@tbb@@SAXAAVsegment_t@123@Usegment_not_used@123@@Z 10007b10 f i concurrent_vector.obj
 0001:00006b50       ??$spin_wait_while@Usegment_not_used_predicate@helper@concurrent_vector_base_v3@internal@tbb@@@internal@tbb@@YAXUsegment_not_used_predicate@helper@concurrent_vector_base_v3@01@@Z 10007b50 f i concurrent_vector.obj
 0001:00006bd0       ??$spin_wait_while_eq@U?$atomic@PAVsegment_t@concurrent_vector_base_v3@internal@tbb@@@tbb@@PAVsegment_t@concurrent_vector_base_v3@internal@2@@internal@tbb@@YAXADU?$atomic@PAVsegment_t@concurrent_vector_base_v3@internal@tbb@@@1@PAVsegment_t@concurrent_vector_base_v3@01@@Z 10007bd0 f i concurrent_vector.obj
 0001:00006c50       ??$store@$01@?$atomic_impl@I@internal@tbb@@QAEXI@Z 10007c50 f i concurrent_vector.obj
 0001:00006c90       ??$store@$01@?$atomic_impl@PAX@internal@tbb@@QAEXPAX@Z 10007c90 f i concurrent_vector.obj
 0001:00006cd0       ??$store@$01@segment_t@concurrent_vector_base_v3@internal@tbb@@QAEXPAX@Z 10007cd0 f i concurrent_vector.obj
 0001:00006d80       ??$store@$01@segment_t@concurrent_vector_base_v3@internal@tbb@@QAEXUsegment_allocation_failed@123@@Z 10007d80 f i concurrent_vector.obj
 0001:00006e00       ??$store@$01@segment_t@concurrent_vector_base_v3@internal@tbb@@QAEXUsegment_not_used@123@@Z 10007e00 f i concurrent_vector.obj
 0001:00006e30       ??$store@$02@?$atomic_impl@I@internal@tbb@@QAEXI@Z 10007e30 f i concurrent_vector.obj
 0001:00006e70       ??$store@$02@?$atomic_impl@PAVsegment_t@concurrent_vector_base_v3@internal@tbb@@@internal@tbb@@QAEXPAVsegment_t@concurrent_vector_base_v3@12@@Z 10007e70 f i concurrent_vector.obj
 0001:00006eb0       ??$store@$02@?$atomic_impl@PAX@internal@tbb@@QAEXPAX@Z 10007eb0 f i concurrent_vector.obj
 0001:00006ef0       ??$store@$02@segment_t@concurrent_vector_base_v3@internal@tbb@@QAEXPAX@Z 10007ef0 f i concurrent_vector.obj
 0001:00006fa0       ??$store@$02@segment_t@concurrent_vector_base_v3@internal@tbb@@QAEXUsegment_not_used@123@@Z 10007fa0 f i concurrent_vector.obj
 0001:00006fd0       ??$store@$02I@tbb@@YAXAAU?$atomic@I@0@I@Z 10007fd0 f i concurrent_vector.obj
 0001:00006ff0       ??$store@$02PAVsegment_t@concurrent_vector_base_v3@internal@tbb@@@tbb@@YAXAAU?$atomic@PAVsegment_t@concurrent_vector_base_v3@internal@tbb@@@0@PAVsegment_t@concurrent_vector_base_v3@internal@0@@Z 10007ff0 f i concurrent_vector.obj
 0001:00007010       ??$store@$02PAX@tbb@@YAXAAU?$atomic@PAX@0@PAX@Z 10008010 f i concurrent_vector.obj
 0001:00007030       ??$store@H@?$atomic_load_store_traits@$01@internal@tbb@@SAXACHH@Z 10008030 f i concurrent_vector.obj
 0001:00007050       ??$store@H@?$atomic_load_store_traits@$02@internal@tbb@@SAXACHH@Z 10008050 f i concurrent_vector.obj
 0001:00007070       ??$swap@$02I@internal@tbb@@YAXAAU?$atomic@I@1@0@Z 10008070 f i concurrent_vector.obj
 0001:000070d0       ??$swap@$02PAVsegment_t@concurrent_vector_base_v3@internal@tbb@@@internal@tbb@@YAXAAU?$atomic@PAVsegment_t@concurrent_vector_base_v3@internal@tbb@@@1@0@Z 100080d0 f i concurrent_vector.obj
 0001:00007130       ??$swap@$02PAX@internal@tbb@@YAXAAU?$atomic@PAX@1@0@Z 10008130 f i concurrent_vector.obj
 0001:00007190       ??$to_bits@PAVsegment_t@concurrent_vector_base_v3@internal@tbb@@@?$atomic_impl@PAVsegment_t@concurrent_vector_base_v3@internal@tbb@@@internal@tbb@@CAHPAVsegment_t@concurrent_vector_base_v3@12@@Z 10008190 f i concurrent_vector.obj
 0001:000071c0       ??$to_bits@PAX@?$atomic_impl@PAX@internal@tbb@@CAHPAX@Z 100081c0 f i concurrent_vector.obj
 0001:000071f0       ??$to_bits_ref@$$CBI@?$atomic_impl@I@internal@tbb@@CAAAHABI@Z 100081f0 f i concurrent_vector.obj
 0001:00007220       ??$to_bits_ref@PAVsegment_t@concurrent_vector_base_v3@internal@tbb@@@?$atomic_impl@PAVsegment_t@concurrent_vector_base_v3@internal@tbb@@@internal@tbb@@CAAAHAAPAVsegment_t@concurrent_vector_base_v3@12@@Z 10008220 f i concurrent_vector.obj
 0001:00007250       ??$to_bits_ref@PAX@?$atomic_impl@PAX@internal@tbb@@CAAAHAAPAX@Z 10008250 f i concurrent_vector.obj
 0001:00007280       ??$to_bits_ref@QAVsegment_t@concurrent_vector_base_v3@internal@tbb@@@?$atomic_impl@PAVsegment_t@concurrent_vector_base_v3@internal@tbb@@@internal@tbb@@CAAAHABQAVsegment_t@concurrent_vector_base_v3@12@@Z 10008280 f i concurrent_vector.obj
 0001:000072b0       ??$to_bits_ref@QAX@?$atomic_impl@PAX@internal@tbb@@CAAAHABQAX@Z 100082b0 f i concurrent_vector.obj
 0001:000072e0       ??$to_bits_ref@SAVsegment_t@concurrent_vector_base_v3@internal@tbb@@@?$atomic_impl@PAVsegment_t@concurrent_vector_base_v3@internal@tbb@@@internal@tbb@@CAAAHADSAVsegment_t@concurrent_vector_base_v3@12@@Z 100082e0 f i concurrent_vector.obj
 0001:00007310       ??$to_value@PAVsegment_t@concurrent_vector_base_v3@internal@tbb@@@?$atomic_impl@PAVsegment_t@concurrent_vector_base_v3@internal@tbb@@@internal@tbb@@CAPAVsegment_t@concurrent_vector_base_v3@12@H@Z 10008310 f i concurrent_vector.obj
 0001:00007380       ??$to_value@PAX@?$atomic_impl@PAX@internal@tbb@@CAPAXH@Z 10008380 f i concurrent_vector.obj
 0001:000073f0       ??$uninitialized_fill_n@PAVsegment_t@concurrent_vector_base_v3@internal@tbb@@IV1234@@std@@YAPAVsegment_t@concurrent_vector_base_v3@internal@tbb@@PAV1234@IABV1234@@Z 100083f0 f i concurrent_vector.obj
 0001:00007510       ??0?$_Uninitialized_backout@PAVsegment_t@concurrent_vector_base_v3@internal@tbb@@@std@@QAE@PAVsegment_t@concurrent_vector_base_v3@internal@tbb@@@Z 10008510 f i concurrent_vector.obj
 0001:00007540       ??0?$converter@PAVsegment_t@concurrent_vector_base_v3@internal@tbb@@@?$atomic_impl@PAVsegment_t@concurrent_vector_base_v3@internal@tbb@@@internal@tbb@@QAE@PAVsegment_t@concurrent_vector_base_v3@23@@Z 10008540 f i concurrent_vector.obj
 0001:00007560       ??0?$converter@PAVsegment_t@concurrent_vector_base_v3@internal@tbb@@@?$atomic_impl@PAVsegment_t@concurrent_vector_base_v3@internal@tbb@@@internal@tbb@@QAE@XZ 10008560 f i concurrent_vector.obj
 0001:00007580       ??0?$converter@PAX@?$atomic_impl@PAX@internal@tbb@@QAE@PAX@Z 10008580 f i concurrent_vector.obj
 0001:000075a0       ??0?$converter@PAX@?$atomic_impl@PAX@internal@tbb@@QAE@XZ 100085a0 f i concurrent_vector.obj
 0001:000075c0       ??0?$ptr_converter@PAPAVsegment_t@concurrent_vector_base_v3@internal@tbb@@@?$atomic_impl@PAVsegment_t@concurrent_vector_base_v3@internal@tbb@@@internal@tbb@@QAE@PAPAVsegment_t@concurrent_vector_base_v3@23@@Z 100085c0 f i concurrent_vector.obj
 0001:000075e0       ??0?$ptr_converter@PAPAX@?$atomic_impl@PAX@internal@tbb@@QAE@PAPAX@Z 100085e0 f i concurrent_vector.obj
 0001:00007600       ??0?$ptr_converter@PBI@?$atomic_impl@I@internal@tbb@@QAE@PBI@Z 10008600 f i concurrent_vector.obj
 0001:00007620       ??0?$ptr_converter@PBQAVsegment_t@concurrent_vector_base_v3@internal@tbb@@@?$atomic_impl@PAVsegment_t@concurrent_vector_base_v3@internal@tbb@@@internal@tbb@@QAE@PBQAVsegment_t@concurrent_vector_base_v3@23@@Z 10008620 f i concurrent_vector.obj
 0001:00007640       ??0?$ptr_converter@PBQAX@?$atomic_impl@PAX@internal@tbb@@QAE@PBQAX@Z 10008640 f i concurrent_vector.obj
 0001:00007660       ??0?$ptr_converter@PDSAVsegment_t@concurrent_vector_base_v3@internal@tbb@@@?$atomic_impl@PAVsegment_t@concurrent_vector_base_v3@internal@tbb@@@internal@tbb@@QAE@PDSAVsegment_t@concurrent_vector_base_v3@23@@Z 10008660 f i concurrent_vector.obj
 0001:00007680       ??0destroy_body@helper@concurrent_vector_base_v3@internal@tbb@@QAE@P6AXPAXI@Z@Z 10008680 f i concurrent_vector.obj
 0001:000076a0       ??0helper@concurrent_vector_base_v3@internal@tbb@@QAE@PAVsegment_t@123@IIIII@Z 100086a0 f i concurrent_vector.obj
 0001:00007700       ??0init_body@helper@concurrent_vector_base_v3@internal@tbb@@QAE@P6AXPAXPBXI@Z1@Z 10008700 f i concurrent_vector.obj
 0001:00007730       ??0safe_init_body@helper@concurrent_vector_base_v3@internal@tbb@@QAE@P6AXPAXPBXI@Z1@Z 10008730 f i concurrent_vector.obj
 0001:00007760       ??0segment_not_used_predicate@helper@concurrent_vector_base_v3@internal@tbb@@QAE@AAVsegment_t@234@@Z 10008760 f i concurrent_vector.obj
 0001:000077b0       ??0segment_t@concurrent_vector_base_v3@internal@tbb@@QAE@ABV0123@@Z 100087b0 f i concurrent_vector.obj
 0001:000077f0       ??0segment_t@concurrent_vector_base_v3@internal@tbb@@QAE@XZ 100087f0 f i concurrent_vector.obj
 0001:00007830       ??0segment_value_t@concurrent_vector_base_v3@internal@tbb@@AAE@PAX@Z 10008830 f i concurrent_vector.obj
 0001:00007850       ??1?$_Uninitialized_backout@PAVsegment_t@concurrent_vector_base_v3@internal@tbb@@@std@@QAE@XZ 10008850 f i concurrent_vector.obj
 0001:00007890       ??1helper@concurrent_vector_base_v3@internal@tbb@@QAE@XZ 10008890 f i concurrent_vector.obj
 0001:00007990       ??1segment_t@concurrent_vector_base_v3@internal@tbb@@QAE@XZ 10008990 f i concurrent_vector.obj
 0001:00007a30       ??4?$atomic@PAVsegment_t@concurrent_vector_base_v3@internal@tbb@@@tbb@@QAEPAVsegment_t@concurrent_vector_base_v3@internal@1@PAV2341@@Z 10008a30 f i concurrent_vector.obj
 0001:00007a60       ??4segment_t@concurrent_vector_base_v3@internal@tbb@@QAEAAV0123@ABV0123@@Z 10008a60 f i concurrent_vector.obj
 0001:00007aa0       ??8internal@tbb@@YA_NABVsegment_value_t@concurrent_vector_base_v3@01@Usegment_allocated@301@@Z 10008aa0 f i concurrent_vector.obj
 0001:00007ad0       ??8internal@tbb@@YA_NABVsegment_value_t@concurrent_vector_base_v3@01@Usegment_allocation_failed@301@@Z 10008ad0 f i concurrent_vector.obj
 0001:00007b00       ??8internal@tbb@@YA_NABVsegment_value_t@concurrent_vector_base_v3@01@Usegment_not_used@301@@Z 10008b00 f i concurrent_vector.obj
 0001:00007b30       ??B?$atomic_impl@PAVsegment_t@concurrent_vector_base_v3@internal@tbb@@@internal@tbb@@QDEPAVsegment_t@concurrent_vector_base_v3@12@XZ 10008b30 f i concurrent_vector.obj
 0001:00007b70       ??Rdestroy_body@helper@concurrent_vector_base_v3@internal@tbb@@QBEXAAVsegment_t@234@PAXI@Z 10008b70 f i concurrent_vector.obj
 0001:00007be0       ??Rinit_body@helper@concurrent_vector_base_v3@internal@tbb@@QBEXAAVsegment_t@234@PAXI@Z 10008be0 f i concurrent_vector.obj
 0001:00007c30       ??Rsafe_init_body@helper@concurrent_vector_base_v3@internal@tbb@@QBEXAAVsegment_t@234@PAXI@Z 10008c30 f i concurrent_vector.obj
 0001:00007ca0       ??Rsegment_not_used_predicate@helper@concurrent_vector_base_v3@internal@tbb@@QBE_NXZ 10008ca0 f i concurrent_vector.obj
 0001:00007cf0       ??_Gsegment_t@concurrent_vector_base_v3@internal@tbb@@QAEPAXI@Z 10008cf0 f i concurrent_vector.obj
 0001:00007d30       ?_Release@?$_Uninitialized_backout@PAVsegment_t@concurrent_vector_base_v3@internal@tbb@@@std@@QAEPAVsegment_t@concurrent_vector_base_v3@internal@tbb@@XZ 10008d30 f i concurrent_vector.obj
 0001:00007d60       ?acquire_segment@helper@concurrent_vector_base_v3@internal@tbb@@SAAAVsegment_t@234@AAV234@II_N@Z 10008d60 f i concurrent_vector.obj
 0001:00007e80       ?allocate_segment@helper@concurrent_vector_base_v3@internal@tbb@@SAPAXAAV234@I@Z 10008e80 f i concurrent_vector.obj
 0001:00007ed0       ?assign_first_segment_if_necessary@helper@concurrent_vector_base_v3@internal@tbb@@SAXAAV234@I@Z 10008ed0 f i concurrent_vector.obj
 0001:00007f00       ?compare_and_swap@?$atomic_impl@PAVsegment_t@concurrent_vector_base_v3@internal@tbb@@@internal@tbb@@QAEPAVsegment_t@concurrent_vector_base_v3@23@PAV4523@0@Z 10008f00 f i concurrent_vector.obj
 0001:00007f50       ?enforce_segment_allocated@internal@tbb@@YAXABVsegment_value_t@concurrent_vector_base_v3@12@W4exception_id@12@@Z 10008f50 f i concurrent_vector.obj
 0001:00007f90       ?extend_table_if_necessary@helper@concurrent_vector_base_v3@internal@tbb@@SAXAAV234@II@Z 10008f90 f i concurrent_vector.obj
 0001:00007fd0       ?fetch_and_add@?$atomic_traits@$03$00@internal@tbb@@SAHPCXH@Z 10008fd0 f i concurrent_vector.obj
 0001:00007ff0       ?find_segment_end@helper@concurrent_vector_base_v3@internal@tbb@@SAIABV234@@Z 10008ff0 f i concurrent_vector.obj
 0001:00008090       ?first_segment@helper@concurrent_vector_base_v3@internal@tbb@@QAEXXZ 10009090 f i concurrent_vector.obj
 0001:000081b0       ?get_segment_value@helper@concurrent_vector_base_v3@internal@tbb@@QAE?AVsegment_value_t@234@I_N@Z 100091b0 f i concurrent_vector.obj
 0001:00008280       ?incompact_predicate@helper@concurrent_vector_base_v3@internal@tbb@@SA_NI@Z 10009280 f i concurrent_vector.obj
 0001:000082d0       ?load@?$machine_load_store_relaxed@H$03@internal@tbb@@SAHADH@Z 100092d0 f i concurrent_vector.obj
 0001:000082e0       ?next_segment@helper@concurrent_vector_base_v3@internal@tbb@@QAEXXZ 100092e0 f i concurrent_vector.obj
 0001:00008360       ?segment_base@concurrent_vector_base_v3@internal@tbb@@KAII@Z 10009360 f i concurrent_vector.obj
 0001:00008380       ?segment_index_of@concurrent_vector_base_v3@internal@tbb@@KAII@Z 10009380 f i concurrent_vector.obj
 0001:000083a0       ?segment_size@concurrent_vector_base_v3@internal@tbb@@KAII@Z 100093a0 f i concurrent_vector.obj
 0001:000083b0       ?store@?$machine_load_store_relaxed@H$03@internal@tbb@@SAXACHH@Z 100093b0 f i concurrent_vector.obj
 0001:000083c0       ?store_with_release@?$atomic_impl@PAVsegment_t@concurrent_vector_base_v3@internal@tbb@@@internal@tbb@@IAEPAVsegment_t@concurrent_vector_base_v3@23@PAV4523@@Z 100093c0 f i concurrent_vector.obj
 0001:00008410       ?swap@internal@tbb@@YAXAAVsegment_t@concurrent_vector_base_v3@12@0@Z 10009410 f i concurrent_vector.obj
 0001:00008460       ?swap@segment_t@concurrent_vector_base_v3@internal@tbb@@QAEXAAV1234@@Z 10009460 f i concurrent_vector.obj
 0001:00008490       ?dynamic_link@internal@tbb@@YA_NPBDQBUdynamic_link_descriptor@12@IPAPAUHINSTANCE__@@H@Z 10009490 f   dynamic_link.obj
 0001:00008550       ?dynamic_unlink@internal@tbb@@YAXPAUHINSTANCE__@@@Z 10009550 f   dynamic_link.obj
 0001:00008580       ?dynamic_unlink_all@internal@tbb@@YAXXZ 10009580 f   dynamic_link.obj
 0001:00008730       ?init_atomic_incrementer@internal@tbb@@YAXAAU?$atomic@I@2@@Z 10009730 f   dynamic_link.obj
 0001:000089c0       ?init_dynamic_link_data@internal@tbb@@YAXXZ 100099c0 f   dynamic_link.obj
 0001:00008b00       ?dynamic_load@internal@tbb@@YAPAUHINSTANCE__@@PBDQBUdynamic_link_descriptor@12@I@Z 10009b00 f   dynamic_link.obj
 0001:00008ca0       ??$atomic_do_once@P6AXXZ@internal@tbb@@YAXABQ6AXXZAAU?$atomic@W4do_once_state@internal@tbb@@@1@@Z 10009ca0 f i dynamic_link.obj
 0001:00008d00       ??$compare_and_swap@$0A@@?$atomic_impl@W4do_once_state@internal@tbb@@@internal@tbb@@QAE?AW4do_once_state@12@W4312@0@Z 10009d00 f i dynamic_link.obj
 0001:00008d50       ??$spin_wait_while_eq@U?$atomic@W4do_once_state@internal@tbb@@@tbb@@W4do_once_state@internal@2@@internal@tbb@@YAXADU?$atomic@W4do_once_state@internal@tbb@@@1@W4do_once_state@01@@Z 10009d50 f i dynamic_link.obj
 0001:00008dd0       ??$suppress_unused_warning@PBD@internal@tbb@@YAXABQBD@Z 10009dd0 f i dynamic_link.obj
 0001:00008de0       ??$suppress_unused_warning@PBDQBUdynamic_link_descriptor@internal@tbb@@I@internal@tbb@@YAXABQBDABQBUdynamic_link_descriptor@01@ABI@Z 10009de0 f i dynamic_link.obj
 0001:00008df0       ??$to_bits@W4do_once_state@internal@tbb@@@?$atomic_impl@W4do_once_state@internal@tbb@@@internal@tbb@@CAHW4do_once_state@12@@Z 10009df0 f i dynamic_link.obj
 0001:00008e20       ??$to_bits_ref@$$CDW4do_once_state@internal@tbb@@@?$atomic_impl@W4do_once_state@internal@tbb@@@internal@tbb@@CAAAHADW4do_once_state@12@@Z 10009e20 f i dynamic_link.obj
 0001:00008e50       ??$to_bits_ref@W4do_once_state@internal@tbb@@@?$atomic_impl@W4do_once_state@internal@tbb@@@internal@tbb@@CAAAHAAW4do_once_state@12@@Z 10009e50 f i dynamic_link.obj
 0001:00008e80       ??$to_value@W4do_once_state@internal@tbb@@@?$atomic_impl@W4do_once_state@internal@tbb@@@internal@tbb@@CA?AW4do_once_state@12@H@Z 10009e80 f i dynamic_link.obj
 0001:00008ef0       ??0?$converter@W4do_once_state@internal@tbb@@@?$atomic_impl@W4do_once_state@internal@tbb@@@internal@tbb@@QAE@W4do_once_state@23@@Z 10009ef0 f i dynamic_link.obj
 0001:00008f10       ??0?$converter@W4do_once_state@internal@tbb@@@?$atomic_impl@W4do_once_state@internal@tbb@@@internal@tbb@@QAE@XZ 10009f10 f i dynamic_link.obj
 0001:00008f30       ??0?$ptr_converter@PAW4do_once_state@internal@tbb@@@?$atomic_impl@W4do_once_state@internal@tbb@@@internal@tbb@@QAE@PAW4do_once_state@23@@Z 10009f30 f i dynamic_link.obj
 0001:00008f50       ??0?$ptr_converter@PDW4do_once_state@internal@tbb@@@?$atomic_impl@W4do_once_state@internal@tbb@@@internal@tbb@@QAE@PDW4do_once_state@23@@Z 10009f50 f i dynamic_link.obj
 0001:00008f70       ??0static_init_dl_data_t@internal@tbb@@QAE@XZ 10009f70 f i dynamic_link.obj
 0001:00008fa0       ??4?$atomic@W4do_once_state@internal@tbb@@@tbb@@QAE?AW4do_once_state@internal@1@W4231@@Z 10009fa0 f i dynamic_link.obj
 0001:00008fd0       ??B?$atomic_impl@W4do_once_state@internal@tbb@@@internal@tbb@@QDE?AW4do_once_state@12@XZ 10009fd0 f i dynamic_link.obj
 0001:00009010       ?add@handles_t@internal@tbb@@QAEXABQAUHINSTANCE__@@@Z 1000a010 f i dynamic_link.obj
 0001:00009080       ?compare_and_swap@?$atomic_impl@W4do_once_state@internal@tbb@@@internal@tbb@@QAE?AW4do_once_state@23@W4423@0@Z 1000a080 f i dynamic_link.obj
 0001:000090b0       ?free@handles_t@internal@tbb@@QAEXXZ 1000a0b0 f i dynamic_link.obj
 0001:00009120       ?init@handles_t@internal@tbb@@QAEXXZ 1000a120 f i dynamic_link.obj
 0001:00009150       ?run_initializer@internal@tbb@@YAXP6AXXZAAU?$atomic@W4do_once_state@internal@tbb@@@2@@Z 1000a150 f i dynamic_link.obj
 0001:00009180       ?store_with_release@?$atomic_impl@W4do_once_state@internal@tbb@@@internal@tbb@@IAE?AW4do_once_state@23@W4423@@Z 1000a180 f i dynamic_link.obj
 0001:000091d0       ?strrchr@@YAPADQADH@Z      1000a1d0 f i dynamic_link.obj
 0001:000091f0       ___itt_mark_pt_region_begin 1000a1f0 f   itt_notify.obj
 0001:00009200       ___itt_mark_pt_region_end  1000a200 f   itt_notify.obj
 0001:00009210       ___itt_set_error_handler   1000a210 f   itt_notify.obj
 0001:00009240       ___itt_fini_ittlib         1000a240 f   itt_notify.obj
 0001:0000ea60       ___itt_init_ittlib         1000fa60 f   itt_notify.obj
 0001:0000ee40       ?__TBB_load_ittnotify@internal@tbb@@YAHXZ 1000fe40 f   itt_notify.obj
 0001:0000ee60       ?__itt_interlocked_increment@@YAJPCJ@Z 1000fe60 f i itt_notify.obj
 0001:0000ee80       ?NFS_GetLineSize@internal@tbb@@YAIXZ 1000fe80 f   cache_aligned_allocator.obj
 0001:0000ee90       ?NFS_Allocate@internal@tbb@@YAPAXIIPAX@Z 1000fe90 f   cache_aligned_allocator.obj
 0001:0000efc0       ?NFS_Free@internal@tbb@@YAXPAX@Z 1000ffc0 f   cache_aligned_allocator.obj
 0001:0000eff0       ?deallocate_via_handler_v3@internal@tbb@@YAXPAX@Z 1000fff0 f   cache_aligned_allocator.obj
 0001:0000f020       ?allocate_via_handler_v3@internal@tbb@@YAPAXI@Z 10010020 f   cache_aligned_allocator.obj
 0001:0000f070       ?is_malloc_used_v3@internal@tbb@@YA_NXZ 10010070 f   cache_aligned_allocator.obj
 0001:0000f450       ?initialize_handler_pointers@internal@tbb@@YAXXZ 10010450 f   cache_aligned_allocator.obj
 0001:0000f510       ?initialize_cache_aligned_allocator@internal@tbb@@YAXXZ 10010510 f   cache_aligned_allocator.obj
 0001:0000f550       ??$is_aligned@X@internal@tbb@@YA_NPAXI@Z 10010550 f i cache_aligned_allocator.obj
 0001:0000f590       ?set_end_of_input@filter@tbb@@IAEXXZ 10010590 f   pipeline.obj
 0001:0000f650       ??1filter@tbb@@UAE@XZ      10010650 f   pipeline.obj
 0001:0000f730       ?has_more_work@filter@tbb@@AAE_NXZ 10010730 f   pipeline.obj
 0001:0000f7d0       ?try_process_item@thread_bound_filter@tbb@@QAE?AW4result_type@12@XZ 100107d0 f   pipeline.obj
 0001:0000f800       ?process_item@thread_bound_filter@tbb@@QAE?AW4result_type@12@XZ 10010800 f   pipeline.obj
 0001:0000f830       ?internal_process_item@thread_bound_filter@tbb@@AAE?AW4result_type@12@_N@Z 10010830 f   pipeline.obj
 0001:0000fb30       ??0pipeline@tbb@@QAE@XZ    10010b30 f   pipeline.obj
 0001:0000fba0       ??1pipeline@tbb@@UAE@XZ    10010ba0 f   pipeline.obj
 0001:0000fc00       ?add_filter@pipeline@tbb@@QAEXAAVfilter@2@@Z 10010c00 f   pipeline.obj
 0001:0000ff40       ?run@pipeline@tbb@@QAEXI@Z 10010f40 f   pipeline.obj
 0001:00010050       ?run@pipeline@tbb@@QAEXIAAVtask_group_context@2@@Z 10011050 f   pipeline.obj
 0001:00010250       ?clear@pipeline@tbb@@QAEXXZ 10011250 f   pipeline.obj
 0001:00010340       ?remove_filter@pipeline@tbb@@AAEXAAVfilter@2@@Z 10011340 f   pipeline.obj
 0001:00010500       ?inject_token@pipeline@tbb@@AAEXAAVtask@2@@Z 10011500 f   pipeline.obj
 0001:00010540       ?clear_filters@pipeline@tbb@@AAEXXZ 10011540 f   pipeline.obj
 0001:000105c0       ?grow@input_buffer@internal@tbb@@AAEXK@Z 100115c0 f   pipeline.obj
 0001:00010700       ?execute@stage_task@internal@tbb@@UAEPAVtask@3@XZ 10011700 f   pipeline.obj
 0001:00010cd0       ??$fetch_and_add@$0A@@?$atomic_impl_with_arithmetic@KKD@internal@tbb@@QAEKK@Z 10011cd0 f i pipeline.obj
 0001:00010d00       ??$note_done@Vstage_task@internal@tbb@@@input_buffer@internal@tbb@@QAEXKAAVstage_task@12@@Z 10011d00 f i pipeline.obj
 0001:00010e60       ??$poison_pointer@Utask_info@internal@tbb@@@internal@tbb@@YAXAAPAUtask_info@01@@Z 10011e60 f i pipeline.obj
 0001:00010e70       ??$suppress_unused_warning@PAVtask@tbb@@@internal@tbb@@YAXABQAVtask@1@@Z 10011e70 f i pipeline.obj
 0001:00010e80       ??$to_bits@K@?$atomic_impl@K@internal@tbb@@CAHK@Z 10011e80 f i pipeline.obj
 0001:00010eb0       ??$to_bits_ref@$$CDK@?$atomic_impl@K@internal@tbb@@CAAAHADK@Z 10011eb0 f i pipeline.obj
 0001:00010ee0       ??$to_bits_ref@K@?$atomic_impl@K@internal@tbb@@CAAAHAAK@Z 10011ee0 f i pipeline.obj
 0001:00010f10       ??$to_value@K@?$atomic_impl@K@internal@tbb@@CAKH@Z 10011f10 f i pipeline.obj
 0001:00010f80       ??0?$cache_aligned_allocator@Utask_info@internal@tbb@@@tbb@@QAE@XZ 10011f80 f i pipeline.obj
 0001:00010fa0       ??0?$converter@K@?$atomic_impl@K@internal@tbb@@QAE@K@Z 10011fa0 f i pipeline.obj
 0001:00010fc0       ??0?$converter@K@?$atomic_impl@K@internal@tbb@@QAE@XZ 10011fc0 f i pipeline.obj
 0001:00010fe0       ??0?$ptr_converter@PAK@?$atomic_impl@K@internal@tbb@@QAE@PAK@Z 10011fe0 f i pipeline.obj
 0001:00011000       ??0?$ptr_converter@PDK@?$atomic_impl@K@internal@tbb@@QAE@PDK@Z 10012000 f i pipeline.obj
 0001:00011020       ??0allocate_additional_child_of_proxy@internal@tbb@@QAE@AAVtask@2@@Z 10012020 f i pipeline.obj
 0001:00011060       ??0allocate_root_with_context_proxy@internal@tbb@@QAE@AAVtask_group_context@2@@Z 10012060 f i pipeline.obj
 0001:00011080       ??0input_buffer@internal@tbb@@QAE@_N0@Z 10012080 f i pipeline.obj
 0001:00011140       ??0pipeline_cleaner@internal@tbb@@QAE@AAVpipeline@2@@Z 10012140 f i pipeline.obj
 0001:00011160       ??0pipeline_root_task@internal@tbb@@QAE@AAVpipeline@2@@Z 10012160 f i pipeline.obj
 0001:00011290       ??0semaphore@internal@tbb@@QAE@I@Z 10012290 f i pipeline.obj
 0001:000112c0       ??0stage_task@internal@tbb@@QAE@AAVpipeline@2@@Z 100122c0 f i pipeline.obj
 0001:00011360       ??0stage_task@internal@tbb@@QAE@AAVpipeline@2@PAVfilter@2@ABUtask_info@12@@Z 10012360 f i pipeline.obj
 0001:000113d0       ??0task@tbb@@IAE@XZ        100123d0 f i pipeline.obj
 0001:00011410       ??0task_group_context@tbb@@QAE@W4kind_type@01@I@Z 10012410 f i pipeline.obj
 0001:00011460       ??0task_list@tbb@@QAE@XZ   10012460 f i pipeline.obj
 0001:00011490       ??1input_buffer@internal@tbb@@QAE@XZ 10012490 f i pipeline.obj
 0001:00011550       ??1pipeline_cleaner@internal@tbb@@QAE@XZ 10012550 f i pipeline.obj
 0001:000115d0       ??1pipeline_root_task@internal@tbb@@UAE@XZ 100125d0 f i pipeline.obj
 0001:00011600       ??1semaphore@internal@tbb@@QAE@XZ 10012600 f i pipeline.obj
 0001:00011640       ??1stage_task@internal@tbb@@UAE@XZ 10012640 f i pipeline.obj
 0001:00011720       ??1task@tbb@@UAE@XZ        10012720 f i pipeline.obj
 0001:00011740       ??1task_list@tbb@@QAE@XZ   10012740 f i pipeline.obj
 0001:00011760       ??2@YAPAXIABVallocate_additional_child_of_proxy@internal@tbb@@@Z 10012760 f i pipeline.obj
 0001:00011780       ??2@YAPAXIABVallocate_child_proxy@internal@tbb@@@Z 10012780 f i pipeline.obj
 0001:000117a0       ??2@YAPAXIABVallocate_root_with_context_proxy@internal@tbb@@@Z 100127a0 f i pipeline.obj
 0001:000117c0       ??3@YAXPAXABVallocate_additional_child_of_proxy@internal@tbb@@@Z 100127c0 f i pipeline.obj
 0001:00011810       ??3@YAXPAXABVallocate_child_proxy@internal@tbb@@@Z 10012810 f i pipeline.obj
 0001:00011860       ??3@YAXPAXABVallocate_root_with_context_proxy@internal@tbb@@@Z 10012860 f i pipeline.obj
 0001:000118b0       ??4?$atomic@K@tbb@@QAEKK@Z 100128b0 f i pipeline.obj
 0001:000118e0       ??B?$atomic_impl@K@internal@tbb@@QDEKXZ 100128e0 f i pipeline.obj
 0001:00011920       ??E?$atomic_impl_with_arithmetic@KKD@internal@tbb@@QAEKH@Z 10012920 f i pipeline.obj
 0001:00011950       ??E?$atomic_impl_with_arithmetic@KKD@internal@tbb@@QAEKXZ 10012950 f i pipeline.obj
 0001:00011980       ??F?$atomic_impl_with_arithmetic@KKD@internal@tbb@@QAEKH@Z 10012980 f i pipeline.obj
 0001:000119b0       ??F?$atomic_impl_with_arithmetic@KKD@internal@tbb@@QAEKXZ 100129b0 f i pipeline.obj
 0001:000119e0       ??_Efilter@tbb@@UAEPAXI@Z  100129e0 f i pipeline.obj
 0001:000119e0       ??_Gfilter@tbb@@UAEPAXI@Z  100129e0 f i pipeline.obj
 0001:00011a20       ??_Ginput_buffer@internal@tbb@@QAEPAXI@Z 10012a20 f i pipeline.obj
 0001:00011a60       ??_Epipeline@tbb@@UAEPAXI@Z 10012a60 f i pipeline.obj
 0001:00011a60       ??_Gpipeline@tbb@@UAEPAXI@Z 10012a60 f i pipeline.obj
 0001:00011aa0       ??_Gpipeline_root_task@internal@tbb@@UAEPAXI@Z 10012aa0 f i pipeline.obj
 0001:00011aa0       ??_Epipeline_root_task@internal@tbb@@UAEPAXI@Z 10012aa0 f i pipeline.obj
 0001:00011ae0       ??_Gsemaphore@internal@tbb@@QAEPAXI@Z 10012ae0 f i pipeline.obj
 0001:00011b20       ??_Estage_task@internal@tbb@@UAEPAXI@Z 10012b20 f i pipeline.obj
 0001:00011b20       ??_Gstage_task@internal@tbb@@UAEPAXI@Z 10012b20 f i pipeline.obj
 0001:00011b60       ??_Etask@tbb@@UAEPAXI@Z    10012b60 f i pipeline.obj
 0001:00011b60       ??_Gtask@tbb@@UAEPAXI@Z    10012b60 f i pipeline.obj
 0001:00011ba0       ?P@semaphore@internal@tbb@@QAEXXZ 10012ba0 f i pipeline.obj
 0001:00011be0       ?V@semaphore@internal@tbb@@QAEXXZ 10012be0 f i pipeline.obj
 0001:00011c20       ?allocate@?$cache_aligned_allocator@Utask_info@internal@tbb@@@tbb@@QAEPAUtask_info@internal@2@IPBX@Z 10012c20 f i pipeline.obj
 0001:00011c50       ?allocate_additional_child_of@task_base@internal@interface5@tbb@@SA?AVallocate_additional_child_of_proxy@24@AAVtask@4@@Z 10012c50 f i pipeline.obj
 0001:00011c70       ?allocate_child@task@tbb@@QAEAAVallocate_child_proxy@internal@2@XZ 10012c70 f i pipeline.obj
 0001:00011c90       ?allocate_root@task@tbb@@SA?AVallocate_root_with_context_proxy@internal@2@AAVtask_group_context@2@@Z 10012c90 f i pipeline.obj
 0001:00011cb0       ?clear@input_buffer@internal@tbb@@QAEXPAVfilter@3@@Z 10012cb0 f i pipeline.obj
 0001:00011d60       ?clear@task_list@tbb@@QAEXXZ 10012d60 f i pipeline.obj
 0001:00011d90       ?create@?$basic_tls@H@internal@tbb@@QAEHXZ 10012d90 f i pipeline.obj
 0001:00011de0       ?create_my_tls@input_buffer@internal@tbb@@QAEXXZ 10012de0 f i pipeline.obj
 0001:00011e40       ?create_sema@input_buffer@internal@tbb@@AAEXI@Z 10012e40 f i pipeline.obj
 0001:00011f00       ?deallocate@?$cache_aligned_allocator@Utask_info@internal@tbb@@@tbb@@QAEXPAUtask_info@internal@2@I@Z 10012f00 f i pipeline.obj
 0001:00011f30       ?destroy@?$basic_tls@H@internal@tbb@@QAEHXZ 10012f30 f i pipeline.obj
 0001:00011f70       ?destroy_my_tls@input_buffer@internal@tbb@@QAEXXZ 10012f70 f i pipeline.obj
 0001:00011fc0       ?execute@pipeline_root_task@internal@tbb@@EAEPAVtask@3@XZ 10012fc0 f i pipeline.obj
 0001:000123a0       ?fetch_and_add@?$atomic_impl_with_arithmetic@KKD@internal@tbb@@QAEKK@Z 100133a0 f i pipeline.obj
 0001:000123d0       ?finalize@filter@tbb@@UAEXPAX@Z 100133d0 f i pipeline.obj
 0001:000123f0       ?free_sema@input_buffer@internal@tbb@@AAEXXZ 100133f0 f i pipeline.obj
 0001:00012470       ?get@?$basic_tls@H@internal@tbb@@QAEHXZ 10013470 f i pipeline.obj
 0001:000124b0       ?has_item@input_buffer@internal@tbb@@QAE_NXZ 100134b0 f i pipeline.obj
 0001:00012550       ?init_semaphore@semaphore@internal@tbb@@AAEXI@Z 10013550 f i pipeline.obj
 0001:00012590       ?inlineCreateSemaphoreEx@@YGPAXPAU_SECURITY_ATTRIBUTES@@JJPB_WKK@Z 10013590 f i pipeline.obj
 0001:000125c0       ?is_bound@filter@tbb@@QBE_NXZ 100135c0 f i pipeline.obj
 0001:00012600       ?is_cancelled@task@tbb@@QBE_NXZ 10013600 f i pipeline.obj
 0001:00012630       ?is_ordered@filter@tbb@@QBE_NXZ 10013630 f i pipeline.obj
 0001:00012670       ?is_serial@filter@tbb@@QBE_NXZ 10013670 f i pipeline.obj
 0001:00012690       ?my_tls_end_of_input@input_buffer@internal@tbb@@QAE_NXZ 10013690 f i pipeline.obj
 0001:000126e0       ?not_in_pipeline@filter@tbb@@CAPAV12@XZ 100136e0 f i pipeline.obj
 0001:000126f0       ?object_may_be_null@filter@tbb@@QAE_NXZ 100136f0 f i pipeline.obj
 0001:00012730       ?parent@task@tbb@@QBEPAV12@XZ 10013730 f i pipeline.obj
 0001:00012760       ?prefix@task@tbb@@ABEAAVtask_prefix@internal@2@PAUversion_tag_v3@42@@Z 10013760 f i pipeline.obj
 0001:00012780       ?push_back@task_list@tbb@@QAEXAAVtask@2@@Z 10013780 f i pipeline.obj
 0001:000127d0       ?put_token@input_buffer@internal@tbb@@QAE_NAAUtask_info@23@_N@Z 100137d0 f i pipeline.obj
 0001:00012a10       ?recycle_as_continuation@task@tbb@@QAEXXZ 10013a10 f i pipeline.obj
 0001:00012a70       ?reset@stage_task@internal@tbb@@QAEXXZ 10013a70 f i pipeline.obj
 0001:00012ab0       ?reset@task_info@internal@tbb@@QAEXXZ 10013ab0 f i pipeline.obj
 0001:00012af0       ?return_item@input_buffer@internal@tbb@@QAE_NAAUtask_info@23@_N@Z 10013af0 f i pipeline.obj
 0001:00012c40       ?sema_P@input_buffer@internal@tbb@@AAEXXZ 10013c40 f i pipeline.obj
 0001:00012c90       ?sema_V@input_buffer@internal@tbb@@AAEXXZ 10013c90 f i pipeline.obj
 0001:00012ce0       ?set@?$basic_tls@H@internal@tbb@@QAEXH@Z 10013ce0 f i pipeline.obj
 0001:00012d20       ?set_my_tls_end_of_input@input_buffer@internal@tbb@@QAEXXZ 10013d20 f i pipeline.obj
 0001:00012d50       ?set_ref_count@task@tbb@@QAEXH@Z 10013d50 f i pipeline.obj
 0001:00012d80       ?spawn@task_base@internal@interface5@tbb@@SAXAAVtask@4@@Z 10013d80 f i pipeline.obj
 0001:00012de0       ?spawn@task_base@internal@interface5@tbb@@SAXAAVtask_list@4@@Z 10013de0 f i pipeline.obj
 0001:00012e50       ?spawn_root_and_wait@task@tbb@@SAXAAV12@@Z 10013e50 f i pipeline.obj
 0001:00012eb0       ?spawn_stage_task@stage_task@internal@tbb@@QAEXABUtask_info@23@@Z 10013eb0 f i pipeline.obj
 0001:00012f90       ?store_with_release@?$atomic_impl@K@internal@tbb@@IAEKK@Z 10013f90 f i pipeline.obj
 0001:00013030       ?acquire@scoped_lock@queuing_mutex@tbb@@QAEXAAV23@@Z 10014030 f   queuing_mutex.obj
 0001:00013140       ?try_acquire@scoped_lock@queuing_mutex@tbb@@QAE_NAAV23@@Z 10014140 f   queuing_mutex.obj
 0001:000131f0       ?release@scoped_lock@queuing_mutex@tbb@@QAEXXZ 100141f0 f   queuing_mutex.obj
 0001:000132d0       ?internal_construct@queuing_mutex@tbb@@QAEXXZ 100142d0 f   queuing_mutex.obj
 0001:00013320       ??$__TBB_load_with_acquire@I@internal@tbb@@YAIADI@Z 10014320 f i queuing_mutex.obj
 0001:00013340       ??$__TBB_store_with_release@IH@internal@tbb@@YAXACIH@Z 10014340 f i queuing_mutex.obj
 0001:00013360       ??$compare_and_swap@$01@?$atomic_impl@PAVscoped_lock@queuing_mutex@tbb@@@internal@tbb@@QAEPAVscoped_lock@queuing_mutex@2@PAV342@0@Z 10014360 f i queuing_mutex.obj
 0001:000133b0       ??$fetch_and_store@$01@?$atomic_impl@PAVscoped_lock@queuing_mutex@tbb@@@internal@tbb@@QAEPAVscoped_lock@queuing_mutex@2@PAV342@@Z 100143b0 f i queuing_mutex.obj
 0001:000133f0       ??$poison_pointer@Vscoped_lock@queuing_mutex@tbb@@@internal@tbb@@YAXAAPAVscoped_lock@queuing_mutex@1@@Z 100143f0 f i queuing_mutex.obj
 0001:00013400       ??$spin_wait_while_eq@IK@internal@tbb@@YAXADIK@Z 10014400 f i queuing_mutex.obj
 0001:00013480       ??$spin_wait_while_eq@PAVscoped_lock@queuing_mutex@tbb@@PAV123@@internal@tbb@@YAXADSAVscoped_lock@queuing_mutex@1@PAV231@@Z 10014480 f i queuing_mutex.obj
 0001:00013500       ??$to_bits@PAVscoped_lock@queuing_mutex@tbb@@@?$atomic_impl@PAVscoped_lock@queuing_mutex@tbb@@@internal@tbb@@CAHPAVscoped_lock@queuing_mutex@2@@Z 10014500 f i queuing_mutex.obj
 0001:00013530       ??$to_value@PAVscoped_lock@queuing_mutex@tbb@@@?$atomic_impl@PAVscoped_lock@queuing_mutex@tbb@@@internal@tbb@@CAPAVscoped_lock@queuing_mutex@2@H@Z 10014530 f i queuing_mutex.obj
 0001:000135a0       ??0?$converter@PAVscoped_lock@queuing_mutex@tbb@@@?$atomic_impl@PAVscoped_lock@queuing_mutex@tbb@@@internal@tbb@@QAE@PAVscoped_lock@queuing_mutex@3@@Z 100145a0 f i queuing_mutex.obj
 0001:000135c0       ??0?$converter@PAVscoped_lock@queuing_mutex@tbb@@@?$atomic_impl@PAVscoped_lock@queuing_mutex@tbb@@@internal@tbb@@QAE@XZ 100145c0 f i queuing_mutex.obj
 0001:000135e0       ?compare_and_swap@?$atomic_traits@$03$01@internal@tbb@@SAHPCXHH@Z 100145e0 f i queuing_mutex.obj
 0001:00013600       ?fetch_and_store@?$atomic_traits@$03$01@internal@tbb@@SAHPCXH@Z 10014600 f i queuing_mutex.obj
 0001:00013620       ?initialize@scoped_lock@queuing_mutex@tbb@@AAEXXZ 10014620 f i queuing_mutex.obj
 0001:00013660       ?load_with_acquire@?$machine_load_store@I$03@internal@tbb@@SAIADI@Z 10014660 f i queuing_mutex.obj
 0001:00013680       ?store_with_release@?$machine_load_store@I$03@internal@tbb@@SAXACII@Z 10014680 f i queuing_mutex.obj
 0001:00013710       ?acquire@scoped_lock@queuing_rw_mutex@tbb@@QAEXAAV23@_N@Z 10014710 f   queuing_rw_mutex.obj
 0001:00013b00       ?try_acquire@scoped_lock@queuing_rw_mutex@tbb@@QAE_NAAV23@_N@Z 10014b00 f   queuing_rw_mutex.obj
 0001:00013c20       ?release@scoped_lock@queuing_rw_mutex@tbb@@QAEXXZ 10014c20 f   queuing_rw_mutex.obj
 0001:000140f0       ?upgrade_to_writer@scoped_lock@queuing_rw_mutex@tbb@@QAE_NXZ 100150f0 f   queuing_rw_mutex.obj
 0001:000146d0       ?downgrade_to_reader@scoped_lock@queuing_rw_mutex@tbb@@QAE_NXZ 100156d0 f   queuing_rw_mutex.obj
 0001:00014830       ?internal_construct@queuing_rw_mutex@tbb@@QAEXXZ 10015830 f   queuing_rw_mutex.obj
 0001:00014880       ??$__TBB_load_full_fence@H@internal@tbb@@YAHADH@Z 10015880 f i queuing_rw_mutex.obj
 0001:000148a0       ??$__TBB_load_relaxed@PAVscoped_lock@queuing_rw_mutex@tbb@@@internal@tbb@@YAPAVscoped_lock@queuing_rw_mutex@1@ADSAV231@@Z 100158a0 f i queuing_rw_mutex.obj
 0001:000148c0       ??$__TBB_load_with_acquire@E@internal@tbb@@YAEADE@Z 100158c0 f i queuing_rw_mutex.obj
 0001:000148e0       ??$__TBB_load_with_acquire@PAVscoped_lock@queuing_rw_mutex@tbb@@@internal@tbb@@YAPAVscoped_lock@queuing_rw_mutex@1@ADSAV231@@Z 100158e0 f i queuing_rw_mutex.obj
 0001:00014900       ??$__TBB_store_relaxed@EH@internal@tbb@@YAXACEH@Z 10015900 f i queuing_rw_mutex.obj
 0001:00014920       ??$__TBB_store_relaxed@PAVscoped_lock@queuing_rw_mutex@tbb@@PAV123@@internal@tbb@@YAXACRAVscoped_lock@queuing_rw_mutex@1@PAV231@@Z 10015920 f i queuing_rw_mutex.obj
 0001:00014940       ??$__TBB_store_with_release@EE@internal@tbb@@YAXACEE@Z 10015940 f i queuing_rw_mutex.obj
 0001:00014960       ??$__TBB_store_with_release@EH@internal@tbb@@YAXACEH@Z 10015960 f i queuing_rw_mutex.obj
 0001:00014980       ??$__TBB_store_with_release@PAVscoped_lock@queuing_rw_mutex@tbb@@PAV123@@internal@tbb@@YAXACRAVscoped_lock@queuing_rw_mutex@1@PAV231@@Z 10015980 f i queuing_rw_mutex.obj
 0001:000149a0       ??$as_atomic@E@internal@tbb@@YAAAU?$atomic@E@1@AAE@Z 100159a0 f i queuing_rw_mutex.obj
 0001:000149b0       ??$compare_and_swap@$00@?$atomic_impl@E@internal@tbb@@QAEEEE@Z 100159b0 f i queuing_rw_mutex.obj
 0001:00014a10       ??$compare_and_swap@$01@?$atomic_impl@E@internal@tbb@@QAEEEE@Z 10015a10 f i queuing_rw_mutex.obj
 0001:00014a70       ??$compare_and_swap@$01@?$atomic_impl@PAVscoped_lock@queuing_rw_mutex@tbb@@@internal@tbb@@QAEPAVscoped_lock@queuing_rw_mutex@2@PAV342@0@Z 10015a70 f i queuing_rw_mutex.obj
 0001:00014ac0       ??$compare_and_swap@$01@?$tricky_atomic_pointer@Vscoped_lock@queuing_rw_mutex@tbb@@@tbb@@SAPAVscoped_lock@queuing_rw_mutex@1@PCRAV231@PAV231@1@Z 10015ac0 f i queuing_rw_mutex.obj
 0001:00014ae0       ??$fetch_and_add@$00@?$tricky_atomic_pointer@Vscoped_lock@queuing_rw_mutex@tbb@@@tbb@@SAPAVscoped_lock@queuing_rw_mutex@1@PCRAV231@H@Z 10015ae0 f i queuing_rw_mutex.obj
 0001:00014b00       ??$fetch_and_store@$01@?$atomic_impl@PAVscoped_lock@queuing_rw_mutex@tbb@@@internal@tbb@@QAEPAVscoped_lock@queuing_rw_mutex@2@PAV342@@Z 10015b00 f i queuing_rw_mutex.obj
 0001:00014b40       ??$fetch_and_store@$01@?$tricky_atomic_pointer@Vscoped_lock@queuing_rw_mutex@tbb@@@tbb@@SAPAVscoped_lock@queuing_rw_mutex@1@PCRAV231@PAV231@@Z 10015b40 f i queuing_rw_mutex.obj
 0001:00014b60       ??$load@$02@?$atomic_impl@PAVscoped_lock@queuing_rw_mutex@tbb@@@internal@tbb@@QBEPAVscoped_lock@queuing_rw_mutex@2@XZ 10015b60 f i queuing_rw_mutex.obj
 0001:00014ba0       ??$load@$02PAVscoped_lock@queuing_rw_mutex@tbb@@@tbb@@YAPAVscoped_lock@queuing_rw_mutex@0@ABU?$atomic@PAVscoped_lock@queuing_rw_mutex@tbb@@@0@@Z 10015ba0 f i queuing_rw_mutex.obj
 0001:00014bc0       ??$load@$0A@@?$atomic_impl@PAVscoped_lock@queuing_rw_mutex@tbb@@@internal@tbb@@QBEPAVscoped_lock@queuing_rw_mutex@2@XZ 10015bc0 f i queuing_rw_mutex.obj
 0001:00014c00       ??$load@H@?$atomic_load_store_traits@$0A@@internal@tbb@@SAHADH@Z 10015c00 f i queuing_rw_mutex.obj
 0001:00014c20       ??$poison_pointer@Vscoped_lock@queuing_rw_mutex@tbb@@@internal@tbb@@YAXAAPAVscoped_lock@queuing_rw_mutex@1@@Z 10015c20 f i queuing_rw_mutex.obj
 0001:00014c30       ??$spin_wait_until_eq@EE@internal@tbb@@YAXADEE@Z 10015c30 f i queuing_rw_mutex.obj
 0001:00014cb0       ??$spin_wait_until_eq@EH@internal@tbb@@YAXADEH@Z 10015cb0 f i queuing_rw_mutex.obj
 0001:00014d30       ??$spin_wait_while_eq@EH@internal@tbb@@YAXADEH@Z 10015d30 f i queuing_rw_mutex.obj
 0001:00014db0       ??$spin_wait_while_eq@PAVscoped_lock@queuing_rw_mutex@tbb@@PAV123@@internal@tbb@@YAXADSAVscoped_lock@queuing_rw_mutex@1@PAV231@@Z 10015db0 f i queuing_rw_mutex.obj
 0001:00014e30       ??$spin_wait_while_eq@PAVscoped_lock@queuing_rw_mutex@tbb@@PAX@internal@tbb@@YAXADSAVscoped_lock@queuing_rw_mutex@1@PAX@Z 10015e30 f i queuing_rw_mutex.obj
 0001:00014eb0       ??$to_bits@E@?$atomic_impl@E@internal@tbb@@CACE@Z 10015eb0 f i queuing_rw_mutex.obj
 0001:00014ee0       ??$to_bits@PAVscoped_lock@queuing_rw_mutex@tbb@@@?$atomic_impl@PAVscoped_lock@queuing_rw_mutex@tbb@@@internal@tbb@@CAHPAVscoped_lock@queuing_rw_mutex@2@@Z 10015ee0 f i queuing_rw_mutex.obj
 0001:00014f10       ??$to_bits_ref@$$CDE@?$atomic_impl@E@internal@tbb@@CAAACADE@Z 10015f10 f i queuing_rw_mutex.obj
 0001:00014f40       ??$to_bits_ref@E@?$atomic_impl@E@internal@tbb@@CAAACAAE@Z 10015f40 f i queuing_rw_mutex.obj
 0001:00014f70       ??$to_bits_ref@QAVscoped_lock@queuing_rw_mutex@tbb@@@?$atomic_impl@PAVscoped_lock@queuing_rw_mutex@tbb@@@internal@tbb@@CAAAHABQAVscoped_lock@queuing_rw_mutex@2@@Z 10015f70 f i queuing_rw_mutex.obj
 0001:00014fa0       ??$to_value@E@?$atomic_impl@E@internal@tbb@@CAEC@Z 10015fa0 f i queuing_rw_mutex.obj
 0001:00015010       ??$to_value@PAVscoped_lock@queuing_rw_mutex@tbb@@@?$atomic_impl@PAVscoped_lock@queuing_rw_mutex@tbb@@@internal@tbb@@CAPAVscoped_lock@queuing_rw_mutex@2@H@Z 10016010 f i queuing_rw_mutex.obj
 0001:00015080       ??0?$converter@E@?$atomic_impl@E@internal@tbb@@QAE@E@Z 10016080 f i queuing_rw_mutex.obj
 0001:000150a0       ??0?$converter@E@?$atomic_impl@E@internal@tbb@@QAE@XZ 100160a0 f i queuing_rw_mutex.obj
 0001:000150c0       ??0?$converter@PAVscoped_lock@queuing_rw_mutex@tbb@@@?$atomic_impl@PAVscoped_lock@queuing_rw_mutex@tbb@@@internal@tbb@@QAE@PAVscoped_lock@queuing_rw_mutex@3@@Z 100160c0 f i queuing_rw_mutex.obj
 0001:000150e0       ??0?$converter@PAVscoped_lock@queuing_rw_mutex@tbb@@@?$atomic_impl@PAVscoped_lock@queuing_rw_mutex@tbb@@@internal@tbb@@QAE@XZ 100160e0 f i queuing_rw_mutex.obj
 0001:00015100       ??0?$ptr_converter@PAE@?$atomic_impl@E@internal@tbb@@QAE@PAE@Z 10016100 f i queuing_rw_mutex.obj
 0001:00015120       ??0?$ptr_converter@PBQAVscoped_lock@queuing_rw_mutex@tbb@@@?$atomic_impl@PAVscoped_lock@queuing_rw_mutex@tbb@@@internal@tbb@@QAE@PBQAVscoped_lock@queuing_rw_mutex@3@@Z 10016120 f i queuing_rw_mutex.obj
 0001:00015140       ??0?$ptr_converter@PDE@?$atomic_impl@E@internal@tbb@@QAE@PDE@Z 10016140 f i queuing_rw_mutex.obj
 0001:00015160       ??0?$tricky_atomic_pointer@Vscoped_lock@queuing_rw_mutex@tbb@@@tbb@@QAE@AAPAVscoped_lock@queuing_rw_mutex@1@@Z 10016160 f i queuing_rw_mutex.obj
 0001:00015180       ??4?$atomic@E@tbb@@QAEEE@Z 10016180 f i queuing_rw_mutex.obj
 0001:000151b0       ??B?$atomic_impl@E@internal@tbb@@QDEEXZ 100161b0 f i queuing_rw_mutex.obj
 0001:000151f0       ??I?$tricky_atomic_pointer@Vscoped_lock@queuing_rw_mutex@tbb@@@tbb@@QBEPAVscoped_lock@queuing_rw_mutex@1@H@Z 100161f0 f i queuing_rw_mutex.obj
 0001:00015210       ??U?$tricky_atomic_pointer@Vscoped_lock@queuing_rw_mutex@tbb@@@tbb@@QBEPAVscoped_lock@queuing_rw_mutex@1@H@Z 10016210 f i queuing_rw_mutex.obj
 0001:00015230       ?acquire_internal_lock@scoped_lock@queuing_rw_mutex@tbb@@AAEXXZ 10016230 f i queuing_rw_mutex.obj
 0001:00015270       ?compare_and_swap@?$atomic_traits@$00$00@internal@tbb@@SACPCXCC@Z 10016270 f i queuing_rw_mutex.obj
 0001:000152a0       ?compare_and_swap@?$atomic_traits@$00$01@internal@tbb@@SACPCXCC@Z 100162a0 f i queuing_rw_mutex.obj
 0001:000152d0       ?get_flag@tbb@@YAIPAVscoped_lock@queuing_rw_mutex@1@@Z 100162d0 f i queuing_rw_mutex.obj
 0001:000152e0       ?initialize@scoped_lock@queuing_rw_mutex@tbb@@AAEXXZ 100162e0 f i queuing_rw_mutex.obj
 0001:00015350       ?load@?$machine_load_store_relaxed@PAVscoped_lock@queuing_rw_mutex@tbb@@$03@internal@tbb@@SAPAVscoped_lock@queuing_rw_mutex@3@ADSAV453@@Z 10016350 f i queuing_rw_mutex.obj
 0001:00015360       ?load@?$machine_load_store_seq_cst@H$03@internal@tbb@@SAHADH@Z 10016360 f i queuing_rw_mutex.obj
 0001:00015380       ?load_with_acquire@?$machine_load_store@E$00@internal@tbb@@SAEADE@Z 10016380 f i queuing_rw_mutex.obj
 0001:000153a0       ?load_with_acquire@?$machine_load_store@PAVscoped_lock@queuing_rw_mutex@tbb@@$03@internal@tbb@@SAPAVscoped_lock@queuing_rw_mutex@3@ADSAV453@@Z 100163a0 f i queuing_rw_mutex.obj
 0001:000153c0       ?release_internal_lock@scoped_lock@queuing_rw_mutex@tbb@@AAEXXZ 100163c0 f i queuing_rw_mutex.obj
 0001:000153f0       ?store@?$machine_load_store_relaxed@E$00@internal@tbb@@SAXACEE@Z 100163f0 f i queuing_rw_mutex.obj
 0001:00015400       ?store@?$machine_load_store_relaxed@PAVscoped_lock@queuing_rw_mutex@tbb@@$03@internal@tbb@@SAXACRAVscoped_lock@queuing_rw_mutex@3@PAV453@@Z 10016400 f i queuing_rw_mutex.obj
 0001:00015410       ?store_with_release@?$atomic_impl@E@internal@tbb@@IAEEE@Z 10016410 f i queuing_rw_mutex.obj
 0001:00015460       ?store_with_release@?$machine_load_store@E$00@internal@tbb@@SAXACEE@Z 10016460 f i queuing_rw_mutex.obj
 0001:00015470       ?store_with_release@?$machine_load_store@PAVscoped_lock@queuing_rw_mutex@tbb@@$03@internal@tbb@@SAXACRAVscoped_lock@queuing_rw_mutex@3@PAV453@@Z 10016470 f i queuing_rw_mutex.obj
 0001:00015480       ?try_acquire_internal_lock@scoped_lock@queuing_rw_mutex@tbb@@AAE_NXZ 10016480 f i queuing_rw_mutex.obj
 0001:000154e0       ?unblock_or_wait_on_internal_lock@scoped_lock@queuing_rw_mutex@tbb@@AAEXI@Z 100164e0 f i queuing_rw_mutex.obj
 0001:00015520       ?wait_for_release_of_internal_lock@scoped_lock@queuing_rw_mutex@tbb@@AAEXXZ 10016520 f i queuing_rw_mutex.obj
 0001:000155d0       ?internal_construct@scoped_lock@reader_writer_lock@interface5@tbb@@AAEXAAV234@@Z 100165d0 f   reader_writer_lock.obj
 0001:00015640       ?internal_destroy@scoped_lock@reader_writer_lock@interface5@tbb@@AAEXXZ 10016640 f   reader_writer_lock.obj
 0001:000156b0       ?internal_construct@scoped_lock_read@reader_writer_lock@interface5@tbb@@AAEXAAV234@@Z 100166b0 f   reader_writer_lock.obj
 0001:00015720       ?internal_destroy@scoped_lock_read@reader_writer_lock@interface5@tbb@@AAEXXZ 10016720 f   reader_writer_lock.obj
 0001:00015760       ?lock@reader_writer_lock@interface5@tbb@@QAEXXZ 10016760 f   reader_writer_lock.obj
 0001:00015820       ?try_lock@reader_writer_lock@interface5@tbb@@QAE_NXZ 10016820 f   reader_writer_lock.obj
 0001:000158f0       ?lock_read@reader_writer_lock@interface5@tbb@@QAEXXZ 100168f0 f   reader_writer_lock.obj
 0001:000159d0       ?try_lock_read@reader_writer_lock@interface5@tbb@@QAE_NXZ 100169d0 f   reader_writer_lock.obj
 0001:00015a50       ?unlock@reader_writer_lock@interface5@tbb@@QAEXXZ 10016a50 f   reader_writer_lock.obj
 0001:00015ba0       ?internal_construct@reader_writer_lock@interface5@tbb@@AAEXXZ 10016ba0 f   reader_writer_lock.obj
 0001:00015c40       ?internal_destroy@reader_writer_lock@interface5@tbb@@AAEXXZ 10016c40 f   reader_writer_lock.obj
 0001:00015d10       ?start_write@reader_writer_lock@interface5@tbb@@AAE_NPAVscoped_lock@123@@Z 10016d10 f   reader_writer_lock.obj
 0001:00015f30       ?set_next_writer@reader_writer_lock@interface5@tbb@@AAEXPAVscoped_lock@123@@Z 10016f30 f   reader_writer_lock.obj
 0001:00015ff0       ?end_write@reader_writer_lock@interface5@tbb@@AAEXPAVscoped_lock@123@@Z 10016ff0 f   reader_writer_lock.obj
 0001:00016170       ?start_read@reader_writer_lock@interface5@tbb@@AAEXPAVscoped_lock_read@123@@Z 10017170 f   reader_writer_lock.obj
 0001:000162b0       ?unblock_readers@reader_writer_lock@interface5@tbb@@AAEXXZ 100172b0 f   reader_writer_lock.obj
 0001:000163d0       ?end_read@reader_writer_lock@interface5@tbb@@AAEXXZ 100173d0 f   reader_writer_lock.obj
[...]
 0002:00025294       $N00099                    1006d294     tbb_debug.exp
 0002:000252e7       $N00100                    1006d2e7     tbb_debug.exp
 0002:0002531e       $N00101                    1006d31e     tbb_debug.exp
 0002:00025364       $N00102                    1006d364     tbb_debug.exp
 0002:00025393       $N00103                    1006d393     tbb_debug.exp
 0002:000253cb       $N00104                    1006d3cb     tbb_debug.exp
 0002:000253ef       $N00105                    1006d3ef     tbb_debug.exp
 0002:0002542b       $N00106                    1006d42b     tbb_debug.exp
 0002:00025459       $N00107                    1006d459     tbb_debug.exp
 0002:000254a1       $N00108                    1006d4a1     tbb_debug.exp
 0002:000254ee       $N00109                    1006d4ee     tbb_debug.exp
 0002:00025548       $N00110                    1006d548     tbb_debug.exp
 0002:0002557b       $N00111                    1006d57b     tbb_debug.exp
 0002:000255ac       $N00112                    1006d5ac     tbb_debug.exp
 0002:00025606       $N00113                    1006d606     tbb_debug.exp
 0002:00025645       $N00114                    1006d645     tbb_debug.exp
 0002:00025692       $N00115                    1006d692     tbb_debug.exp
 0002:000256e9       $N00116                    1006d6e9     tbb_debug.exp
 0002:0002572e       $N00117                    1006d72e     tbb_debug.exp
 0002:00025778       $N00118                    1006d778     tbb_debug.exp
 0002:000257c9       $N00119                    1006d7c9     tbb_debug.exp
 0002:0002580e       $N00120                    1006d80e     tbb_debug.exp
 0002:00025861       $N00121                    1006d861     tbb_debug.exp
 0002:000258bb       $N00122                    1006d8bb     tbb_debug.exp
 0002:00025921       $N00123                    1006d921     tbb_debug.exp
 0002:00025966       $N00124                    1006d966     tbb_debug.exp
 0002:000259c3       $N00125                    1006d9c3     tbb_debug.exp
 0002:000259fa       $N00126                    1006d9fa     tbb_debug.exp
 0002:00025a54       $N00127                    1006da54     tbb_debug.exp
 0002:00025a90       $N00128                    1006da90     tbb_debug.exp
 0002:00025acf       $N00129                    1006dacf     tbb_debug.exp
 0002:00025b17       $N00130                    1006db17     tbb_debug.exp
 0002:00025b62       $N00131                    1006db62     tbb_debug.exp
 0002:00025b9f       $N00132                    1006db9f     tbb_debug.exp
 0002:00025bdf       $N00133                    1006dbdf     tbb_debug.exp
 0002:00025c25       $N00134                    1006dc25     tbb_debug.exp
 0002:00025c6e       $N00135                    1006dc6e     tbb_debug.exp
 0002:00025cb8       $N00136                    1006dcb8     tbb_debug.exp
 0002:00025d05       $N00137                    1006dd05     tbb_debug.exp
 0002:00025d4a       $N00138                    1006dd4a     tbb_debug.exp
 0002:00025d9c       $N00139                    1006dd9c     tbb_debug.exp
 0002:00025dcc       $N00140                    1006ddcc     tbb_debug.exp
 0002:00025e06       $N00141                    1006de06     tbb_debug.exp
 0002:00025e3b       $N00142                    1006de3b     tbb_debug.exp
 0002:00025e92       $N00143                    1006de92     tbb_debug.exp
 0002:00025eca       $N00144                    1006deca     tbb_debug.exp
 0002:00025f00       $N00145                    1006df00     tbb_debug.exp
 0002:00025f38       $N00146                    1006df38     tbb_debug.exp
 0002:00025f6e       $N00147                    1006df6e     tbb_debug.exp
 0002:00025faf       $N00148                    1006dfaf     tbb_debug.exp
 0002:00025ff3       $N00149                    1006dff3     tbb_debug.exp
 0002:0002604c       $N00150                    1006e04c     tbb_debug.exp
 0002:00026090       $N00151                    1006e090     tbb_debug.exp
 0002:000260d7       $N00152                    1006e0d7     tbb_debug.exp
 0002:00026101       $N00153                    1006e101     tbb_debug.exp
 0002:0002613b       $N00154                    1006e13b     tbb_debug.exp
 0002:00026178       $N00155                    1006e178     tbb_debug.exp
 0002:000261b5       $N00156                    1006e1b5     tbb_debug.exp
 0002:000261fa       $N00157                    1006e1fa     tbb_debug.exp
 0002:0002623e       $N00158                    1006e23e     tbb_debug.exp
 0002:00026286       $N00159                    1006e286     tbb_debug.exp
 0002:000262d0       $N00160                    1006e2d0     tbb_debug.exp
 0002:0002630b       $N00161                    1006e30b     tbb_debug.exp
 0002:00026350       $N00162                    1006e350     tbb_debug.exp
 0002:00026390       $N00163                    1006e390     tbb_debug.exp
 0002:000263cd       $N00164                    1006e3cd     tbb_debug.exp
 0002:00026408       $N00165                    1006e408     tbb_debug.exp
 0002:00026445       $N00166                    1006e445     tbb_debug.exp
 0002:00026480       $N00167                    1006e480     tbb_debug.exp
 0002:000264e3       $N00168                    1006e4e3     tbb_debug.exp
 0002:00026515       $N00169                    1006e515     tbb_debug.exp
 0002:00026545       $N00170                    1006e545     tbb_debug.exp
 0002:0002659d       $N00171                    1006e59d     tbb_debug.exp
 0002:000265dc       $N00172                    1006e5dc     tbb_debug.exp
 0002:0002661a       $N00173                    1006e61a     tbb_debug.exp
 0002:00026642       $N00174                    1006e642     tbb_debug.exp
 0002:00026670       $N00175                    1006e670     tbb_debug.exp
 0002:000266bb       $N00176                    1006e6bb     tbb_debug.exp
 0002:000266e9       $N00177                    1006e6e9     tbb_debug.exp
 0002:00026724       $N00178                    1006e724     tbb_debug.exp
 0002:0002677e       $N00179                    1006e77e     tbb_debug.exp
 0002:000267d9       $N00180                    1006e7d9     tbb_debug.exp
 0002:00026835       $N00181                    1006e835     tbb_debug.exp
 0002:0002688c       $N00182                    1006e88c     tbb_debug.exp
 0002:000268cd       $N00183                    1006e8cd     tbb_debug.exp
 0002:00026924       $N00184                    1006e924     tbb_debug.exp
 0002:00026955       $N00185                    1006e955     tbb_debug.exp
 0002:00026990       $N00186                    1006e990     tbb_debug.exp
 0002:000269e5       $N00187                    1006e9e5     tbb_debug.exp
 0002:00026a1f       $N00188                    1006ea1f     tbb_debug.exp
 0002:00026a48       $N00189                    1006ea48     tbb_debug.exp
 0002:00026a78       $N00190                    1006ea78     tbb_debug.exp
 0002:00026aad       $N00191                    1006eaad     tbb_debug.exp
 0002:00026ad7       $N00192                    1006ead7     tbb_debug.exp
 0002:00026b1a       $N00193                    1006eb1a     tbb_debug.exp
 0002:00026b4c       $N00194                    1006eb4c     tbb_debug.exp
 0002:00026b73       $N00195                    1006eb73     tbb_debug.exp
 0002:00026ba2       $N00196                    1006eba2     tbb_debug.exp
 0002:00026bc3       $N00197                    1006ebc3     tbb_debug.exp
 0002:00026bfe       $N00198                    1006ebfe     tbb_debug.exp
 0002:00026c37       $N00199                    1006ec37     tbb_debug.exp
 0002:00026c77       $N00200                    1006ec77     tbb_debug.exp
 0002:00026cb2       $N00201                    1006ecb2     tbb_debug.exp
 0002:00026ce1       $N00202                    1006ece1     tbb_debug.exp
 0002:00026d13       $N00203                    1006ed13     tbb_debug.exp
 0002:00026d39       $N00204                    1006ed39     tbb_debug.exp
 0002:00026d74       $N00205                    1006ed74     tbb_debug.exp
 0002:00026d8f       $N00206                    1006ed8f     tbb_debug.exp
 0002:00026dc2       $N00207                    1006edc2     tbb_debug.exp
 0002:00026dea       $N00208                    1006edea     tbb_debug.exp
 0002:00026e05       $N00209                    1006ee05     tbb_debug.exp
 0002:00026e2d       $N00210                    1006ee2d     tbb_debug.exp
 0002:00026e64       $N00211                    1006ee64     tbb_debug.exp
 0002:00026e89       $N00212                    1006ee89     tbb_debug.exp
 0002:00026ec5       $N00213                    1006eec5     tbb_debug.exp
 0002:00026efd       $N00214                    1006eefd     tbb_debug.exp
 0002:00026f28       $N00215                    1006ef28     tbb_debug.exp
 0002:00026f64       $N00216                    1006ef64     tbb_debug.exp
 0002:00026fa4       $N00217                    1006efa4     tbb_debug.exp
 0002:00026fc9       $N00218                    1006efc9     tbb_debug.exp
 0002:00027000       $N00219                    1006f000     tbb_debug.exp
 0002:0002703a       $N00220                    1006f03a     tbb_debug.exp
 0002:00027074       $N00221                    1006f074     tbb_debug.exp
 0002:000270b3       $N00222                    1006f0b3     tbb_debug.exp
 0002:000270e8       $N00223                    1006f0e8     tbb_debug.exp
 0002:00027122       $N00224                    1006f122     tbb_debug.exp
 0002:00027166       $N00225                    1006f166     tbb_debug.exp
 0002:00027198       $N00226                    1006f198     tbb_debug.exp
 0002:000271d5       $N00227                    1006f1d5     tbb_debug.exp
 0002:000271f8       $N00228                    1006f1f8     tbb_debug.exp
 0002:0002721f       $N00229                    1006f21f     tbb_debug.exp
 0002:00027241       $N00230                    1006f241     tbb_debug.exp
 0002:00027271       $N00231                    1006f271     tbb_debug.exp
 0002:00027292       $N00232                    1006f292     tbb_debug.exp
 0002:000272b1       $N00233                    1006f2b1     tbb_debug.exp
 0002:000272cf       $N00234                    1006f2cf     tbb_debug.exp
 0002:000272e5       $N00235                    1006f2e5     tbb_debug.exp
 0002:000272fd       $N00236                    1006f2fd     tbb_debug.exp
 0002:00027317       $N00237                    1006f317     tbb_debug.exp
 0002:00027337       $N00238                    1006f337     tbb_debug.exp
 0002:0002734b       $N00239                    1006f34b     tbb_debug.exp
 0002:00027360       $N00240                    1006f360     tbb_debug.exp
 0002:0002737e       $N00241                    1006f37e     tbb_debug.exp
 0002:00027398       $N00242                    1006f398     tbb_debug.exp
 0002:0002792e       .idata$6                   1006f92e     kernel32:KERNEL32.dll
 0002:00027a78       .idata$6                   1006fa78     msvcprtd:MSVCP140D.dll
 0002:00027c0c       .idata$6                   1006fc0c     vcruntimed:VCRUNTIME140D.dll
 0002:00027ec2       .idata$6                   1006fec2     ucrtd:ucrtbased.dll
 0003:00000000       ?dummy@?1??make_invalid@micro_queue@internal@tbb@@QAEXI@Z@4Upage@concurrent_queue_base_v3@34@A 10071000     concurrent_queue.obj
 0003:00000340       ?api_list@@3PAU___itt_api_info@@A 10071340     itt_notify.obj
 0003:00001074       ?ittnotify_lib_name@@3PBDB 10072074     itt_notify.obj
 0003:00001078       ?__itt_fini_ittlib_ptr@@3P6AXXZA 10072078     itt_notify.obj
 0003:00001080       ?group_list@@3PAU___itt_group_list@@A 10072080     itt_notify.obj
 0003:00001100       ?group_alias@@3PAU___itt_group_alias@@A 10072100     itt_notify.obj
 0003:00001120       ?env_value@?1??__itt_get_env_var@@YAPBDPBD@Z@4PADA 10072120     itt_notify.obj
 0003:00001124       ?MallocHandler@internal@tbb@@3P6APAXI@ZA 10072124     cache_aligned_allocator.obj
 0003:00001128       ?FreeHandler@internal@tbb@@3P6AXPAX@ZA 10072128     cache_aligned_allocator.obj
 0003:0000112c       ?padded_allocate_handler@internal@tbb@@3P6APAXII@ZA 1007212c     cache_aligned_allocator.obj
 0003:00001130       ?padded_free_handler@internal@tbb@@3P6AXPAX@ZA 10072130     cache_aligned_allocator.obj
 0003:00001134       ?NFS_LineSize@internal@tbb@@3IA 10072134     cache_aligned_allocator.obj
 0003:00001138       ?__TBB_init_condvar@internal@tbb@@3P6GXPAU_RTL_CONDITION_VARIABLE@@@ZA 10072138     condition_variable.obj
 0003:0000113c       ?__TBB_condvar_wait@internal@tbb@@3P6GHPAU_RTL_CONDITION_VARIABLE@@PAU_RTL_CRITICAL_SECTION@@K@ZA 1007213c     condition_variable.obj
 0003:00001140       ?__TBB_condvar_notify_one@internal@tbb@@3P6GXPAU_RTL_CONDITION_VARIABLE@@@ZA 10072140     condition_variable.obj
 0003:00001144       ?__TBB_condvar_notify_all@internal@tbb@@3P6GXPAU_RTL_CONDITION_VARIABLE@@@ZA 10072144     condition_variable.obj
 0003:00001148       ?__TBB_destroy_condvar@internal@tbb@@3P6GXPAU_RTL_CONDITION_VARIABLE@@@ZA 10072148     condition_variable.obj
 0003:0000114c       ?SyncType_RML@internal@rml@@3PB_WB 1007214c     private_server.obj
 0003:00001150       ?SyncObj_ThreadMonitor@internal@rml@@3PB_WB 10072150     private_server.obj
 0003:00001158       ?dummy_index@?1??initialization_impl@numa_topology@internal@tbb@@YAXXZ@4HA 10072158     governor.obj
 0003:00001160       ?strings_for_itt@internal@tbb@@3PAUresource_string@12@A 10072160     tbb_main.obj
 0003:00001340       ?controls@internal@tbb@@3PAPAVcontrol_storage@12@A 10072340     tbb_main.obj
 0003:00001d68       ?static_invalid_page@internal@tbb@@3PAXA 10072d68     concurrent_queue.obj
 0003:00001d98       ?static_init_dl_data@internal@tbb@@3Ustatic_init_dl_data_t@12@A 10072d98     dynamic_link.obj
 0003:00001da0       ?ap_data@internal@tbb@@3Uap_data_t@12@A 10072da0     dynamic_link.obj
 0003:00001eb0       ?env_buff@?1??__itt_get_env_var@@YAPBDPBD@Z@4PADA 10072eb0     itt_notify.obj
 0003:00002ea8       ?current_thread@?1??__itt_fini_ittlib@@9@4KC 10073ea8     itt_notify.obj
 0003:00002eac       ?current_thread@?1??__itt_init_ittlib@@9@4KC 10073eac     itt_notify.obj
 0003:00002eb0       ?initialization_state@internal@tbb@@3U?$atomic@W4do_once_state@internal@tbb@@@2@A 10073eb0     cache_aligned_allocator.obj
 0003:00002eb4       ?condvar_api_state@internal@tbb@@3U?$atomic@W4do_once_state@internal@tbb@@@2@A 10073eb4     condition_variable.obj
 0003:00002ec0       ?assertion_handler@tbb@@3P6AXPBDH00@ZA 10073ec0     tbb_misc.obj
 0003:00002ec4       ?PrintVersionFlag@internal@tbb@@3_NA 10073ec4     tbb_misc.obj
 0003:00002ec5       ?already_failed@?6??assertion_failure@tbb@@YAXPBDH00@Z@4_NA 10073ec5     tbb_misc.obj
 0003:00002ec8       ?cache@?1??__TBB_machine_store8_slow_perf_warning@@9@4PAU?$atomic@PAX@tbb@@A 10073ec8     tbb_misc.obj
 0003:00002ed8       ?k@?1??__TBB_machine_store8_slow_perf_warning@@9@4U?$atomic@I@tbb@@A 10073ed8     tbb_misc.obj
 0003:00002ee4       ?TBB_GetActiveProcessorCount@internal@tbb@@3P6GKG@ZA 10073ee4     tbb_misc_ex.obj
 0003:000031e8       ?TBB_GetActiveProcessorGroupCount@internal@tbb@@3P6GGXZA 100741e8     tbb_misc_ex.obj
 0003:000031ec       ?TBB_SetThreadGroupAffinity@internal@tbb@@3P6GHPAXPBUTBB_GROUP_AFFINITY@12@PAU312@@ZA 100741ec     tbb_misc_ex.obj
 0003:000031f0       ?TBB_GetThreadGroupAffinity@internal@tbb@@3P6GHPAXPAUTBB_GROUP_AFFINITY@12@@ZA 100741f0     tbb_misc_ex.obj
 0003:000031f4       ?hardware_concurrency_info@internal@tbb@@3U?$atomic@W4do_once_state@internal@tbb@@@2@A 100741f4     tbb_misc_ex.obj
 0003:000031f8       ?watch_stack_handler@internal@tbb@@3P6AHPAU__cilk_tbb_unwatch_thunk@@U__cilk_tbb_stack_op_thunk@@@ZA 100741f8     governor.obj
 0003:000031fc       ?initialize_numa_topology_ptr@internal@tbb@@3P6AXIAAHAAPAH1@ZA 100741fc     governor.obj
 0003:00003200       ?allocate_binding_handler_ptr@internal@tbb@@3P6APAVbinding_handler@12@H@ZA 10074200     governor.obj
 0003:00003204       ?deallocate_binding_handler_ptr@internal@tbb@@3P6AXPAVbinding_handler@12@@ZA 10074204     governor.obj
 0003:00003208       ?bind_to_node_ptr@internal@tbb@@3P6AXPAVbinding_handler@12@HH@ZA 10074208     governor.obj
 0003:0000320c       ?restore_affinity_ptr@internal@tbb@@3P6AXPAVbinding_handler@12@H@ZA 1007420c     governor.obj
 0003:00003210       ?cilkrts_load_state@internal@tbb@@3U?$atomic@W4do_once_state@internal@tbb@@@2@A 10074210     governor.obj
 0003:00003214       ?numa_nodes_count@?A0xe82c49b2@numa_topology@internal@tbb@@3HA 10074214     governor.obj
 0003:00003218       ?numa_indexes@?A0xe82c49b2@numa_topology@internal@tbb@@3PAHA 10074218     governor.obj
 0003:0000321c       ?default_concurrency_list@?A0xe82c49b2@numa_topology@internal@tbb@@3PAHA 1007421c     governor.obj
 0003:00003220       ?numa_topology_init_state@?A0xe82c49b2@numa_topology@internal@tbb@@3U?$atomic@W4do_once_state@internal@tbb@@@4@A 10074220     governor.obj
 0003:00003224       ?dummy_concurrency@?1??initialization_impl@numa_topology@internal@tbb@@YAXXZ@4HA 10074224     governor.obj
 0003:00003228       ?$TSS0@?1??initialization_impl@numa_topology@internal@tbb@@YAXXZ@4HA 10074228     governor.obj
 0003:00003238       ?the_dummy_context@internal@tbb@@3Vtask_group_context@2@A 10074238     scheduler.obj
 0003:000033b8       ?observer_proxy_count@internal@tbb@@3U?$atomic@H@2@A 100743b8     observer_proxy.obj
 0003:000033bc       ?the_check_observer_proxy_count@internal@tbb@@3Ucheck_observer_proxy_count@12@A 100743bc     observer_proxy.obj
 0003:000033f2       ?ITT_Present@internal@tbb@@3_NA 100743f2     tbb_main.obj
 0003:000033f3       ?ITT_InitializationDone@internal@tbb@@3U?$atomic@_N@2@A 100743f3     tbb_main.obj
 0003:000033f4       ?stack_size_ctl@internal@tbb@@3Vstack_size_control@12@A 100743f4     tbb_main.obj
 0003:00003474       ?allowed_parallelism_ctl@internal@tbb@@3Vallowed_parallelism_control@12@A 10074474     tbb_main.obj
 0003:000034f4       ?tbb_domains@internal@tbb@@3PAPAU___itt_domain@@A 100744f4     tbb_main.obj
 0003:00003500       ?init@?1??_RTC_InitBase@@9@4_NA 10074500     MSVCRTD:init.obj
 0003:00003508       _GS_ExceptionRecord        10074508     MSVCRTD:gs_report.obj
 0003:00003558       _GS_ContextRecord          10074558     MSVCRTD:gs_report.obj
 0003:00003830       ?g_tss_cv@@3U_RTL_CONDITION_VARIABLE@@A 10074830     MSVCRTD:thread_safe_statics.obj
 0003:00003834       ?g_tss_event@@3PAXA        10074834     MSVCRTD:thread_safe_statics.obj
 0003:00003838       ?g_tss_mutex@@3U_RTL_CRITICAL_SECTION@@A 10074838     MSVCRTD:thread_safe_statics.obj
 0003:00003850       ?g_sleep_condition_variable_cs@@3P6GHPAU_RTL_CONDITION_VARIABLE@@PAU_RTL_CRITICAL_SECTION@@K@ZA 10074850     MSVCRTD:thread_safe_statics.obj
 0003:00003854       ?g_wake_all_condition_variable@@3P6GXPAU_RTL_CONDITION_VARIABLE@@@ZA 10074854     MSVCRTD:thread_safe_statics.obj
 0003:00003864       ?is_initialized_as_dll@@3_NA 10074864     MSVCRTD:utility.obj
 0003:00003865       ?module_local_atexit_table_initialized@@3_NA 10074865     MSVCRTD:utility.obj
 0003:00003868       ?module_local_atexit_table@@3U_onexit_table_t@@A 10074868     MSVCRTD:utility.obj
 0003:00003874       ?module_local_at_quick_exit_table@@3U_onexit_table_t@@A 10074874     MSVCRTD:utility.obj
 0003:00003880       ?__proc_attached@@3HA      10074880     MSVCRTD:dll_dllmain.obj
 0003:00003884       ?_RTC_ErrorReportFunc@@3P6AHHPBDH00ZZA 10074884     MSVCRTD:userapi.obj
 0003:00003888       ?_RTC_ErrorReportFuncW@@3P6AHHPB_WH00ZZA 10074888     MSVCRTD:userapi.obj
 0003:000038a0       ?mspdb@@3PAUHINSTANCE__@@A 100748a0     MSVCRTD:pdblkup.obj
 0003:000038a4       ?alreadyTried@?1??GetPdbDll@@YAPAUHINSTANCE__@@XZ@4_NA 100748a4     MSVCRTD:pdblkup.obj
 0003:000038a5       ?PDBOK@?1??_RTC_GetSrcLine@@YAHPAEPA_WKPAH1K@Z@4_NA 100748a5     MSVCRTD:pdblkup.obj
 0004:000000a0       $R000000                   100750a0     tbb_resource.res
 0004:00000480       $R0003E0                   10075480     tbb_resource.res
